Archive member included to satisfy reference by file (symbol)

/home/ben/projects/mcuxpresso_workspace/lpcxpresso54628_driver_examples_adc_lpc_adc_interrupt/libs/libpower_hardabi.a(fsl_power_lib.o)
                              ./drivers/fsl_clock.o (POWER_SetVoltageForFreq)
/usr/local/mcuxpressoide-10.1.1_606/ide/tools/bin/../lib/gcc/arm-none-eabi/6.3.1/../../../../arm-none-eabi/lib/thumb/v7e-m/fpv4-sp/hard/libcr_semihost_nf.a(__ciob.o)
                              ./source/fsl_adc_interrupt.o (__Ciob)
/usr/local/mcuxpressoide-10.1.1_606/ide/tools/bin/../lib/gcc/arm-none-eabi/6.3.1/../../../../arm-none-eabi/lib/thumb/v7e-m/fpv4-sp/hard/libcr_semihost_nf.a(_cr__main.o)
                              ./startup/startup_LPC54628.o (__main)
/usr/local/mcuxpressoide-10.1.1_606/ide/tools/bin/../lib/gcc/arm-none-eabi/6.3.1/../../../../arm-none-eabi/lib/thumb/v7e-m/fpv4-sp/hard/libcr_semihost_nf.a(_cr_assert.o)
                              ./utilities/fsl_debug_console.o (__assertion_failed)
/usr/local/mcuxpressoide-10.1.1_606/ide/tools/bin/../lib/gcc/arm-none-eabi/6.3.1/../../../../arm-none-eabi/lib/thumb/v7e-m/fpv4-sp/hard/libcr_semihost_nf.a(__sys_appexit.o)
                              /usr/local/mcuxpressoide-10.1.1_606/ide/tools/bin/../lib/gcc/arm-none-eabi/6.3.1/../../../../arm-none-eabi/lib/thumb/v7e-m/fpv4-sp/hard/libcr_semihost_nf.a(_cr_assert.o) (__sys_appexit)
/usr/local/mcuxpressoide-10.1.1_606/ide/tools/bin/../lib/gcc/arm-none-eabi/6.3.1/../../../../arm-none-eabi/lib/thumb/v7e-m/fpv4-sp/hard/libcr_c.a(memcpy.o)
                              /home/ben/projects/mcuxpresso_workspace/lpcxpresso54628_driver_examples_adc_lpc_adc_interrupt/libs/libpower_hardabi.a(fsl_power_lib.o) (memcpy)
/usr/local/mcuxpressoide-10.1.1_606/ide/tools/bin/../lib/gcc/arm-none-eabi/6.3.1/../../../../arm-none-eabi/lib/thumb/v7e-m/fpv4-sp/hard/libcr_c.a(memset.o)
                              ./drivers/fsl_usart.o (memset)
/usr/local/mcuxpressoide-10.1.1_606/ide/tools/bin/../lib/gcc/arm-none-eabi/6.3.1/../../../../arm-none-eabi/lib/thumb/v7e-m/fpv4-sp/hard/libcr_c.a(__fillbuf.o)
                              ./source/fsl_adc_interrupt.o (__filbuf)
/usr/local/mcuxpressoide-10.1.1_606/ide/tools/bin/../lib/gcc/arm-none-eabi/6.3.1/../../../../arm-none-eabi/lib/thumb/v7e-m/fpv4-sp/hard/libcr_c.a(_deferredlazyseek.o)
                              /usr/local/mcuxpressoide-10.1.1_606/ide/tools/bin/../lib/gcc/arm-none-eabi/6.3.1/../../../../arm-none-eabi/lib/thumb/v7e-m/fpv4-sp/hard/libcr_c.a(__fillbuf.o) (_deferredlazyseek)
/usr/local/mcuxpressoide-10.1.1_606/ide/tools/bin/../lib/gcc/arm-none-eabi/6.3.1/../../../../arm-none-eabi/lib/thumb/v7e-m/fpv4-sp/hard/libcr_c.a(_fflush.o)
                              /usr/local/mcuxpressoide-10.1.1_606/ide/tools/bin/../lib/gcc/arm-none-eabi/6.3.1/../../../../arm-none-eabi/lib/thumb/v7e-m/fpv4-sp/hard/libcr_c.a(__fillbuf.o) (_fflush)
/usr/local/mcuxpressoide-10.1.1_606/ide/tools/bin/../lib/gcc/arm-none-eabi/6.3.1/../../../../arm-none-eabi/lib/thumb/v7e-m/fpv4-sp/hard/libcr_c.a(_writebuf.o)
                              /usr/local/mcuxpressoide-10.1.1_606/ide/tools/bin/../lib/gcc/arm-none-eabi/6.3.1/../../../../arm-none-eabi/lib/thumb/v7e-m/fpv4-sp/hard/libcr_c.a(_deferredlazyseek.o) (_Cwritebuf)
/usr/local/mcuxpressoide-10.1.1_606/ide/tools/bin/../lib/gcc/arm-none-eabi/6.3.1/../../../../arm-none-eabi/lib/thumb/v7e-m/fpv4-sp/hard/libcr_c.a(alloc.o)
                              ./drivers/fsl_common.o (malloc)
/usr/local/mcuxpressoide-10.1.1_606/ide/tools/bin/../lib/gcc/arm-none-eabi/6.3.1/../../../../arm-none-eabi/lib/thumb/v7e-m/fpv4-sp/hard/libcr_c.a(fputs.o)
                              /usr/local/mcuxpressoide-10.1.1_606/ide/tools/bin/../lib/gcc/arm-none-eabi/6.3.1/../../../../arm-none-eabi/lib/thumb/v7e-m/fpv4-sp/hard/libcr_semihost_nf.a(_cr_assert.o) (fputs)
/usr/local/mcuxpressoide-10.1.1_606/ide/tools/bin/../lib/gcc/arm-none-eabi/6.3.1/../../../../arm-none-eabi/lib/thumb/v7e-m/fpv4-sp/hard/libcr_c.a(fseek.o)
                              /usr/local/mcuxpressoide-10.1.1_606/ide/tools/bin/../lib/gcc/arm-none-eabi/6.3.1/../../../../arm-none-eabi/lib/thumb/v7e-m/fpv4-sp/hard/libcr_c.a(_deferredlazyseek.o) (fseek)
/usr/local/mcuxpressoide-10.1.1_606/ide/tools/bin/../lib/gcc/arm-none-eabi/6.3.1/../../../../arm-none-eabi/lib/thumb/v7e-m/fpv4-sp/hard/libcr_c.a(ftell.o)
                              /usr/local/mcuxpressoide-10.1.1_606/ide/tools/bin/../lib/gcc/arm-none-eabi/6.3.1/../../../../arm-none-eabi/lib/thumb/v7e-m/fpv4-sp/hard/libcr_c.a(fseek.o) (ftell)
/usr/local/mcuxpressoide-10.1.1_606/ide/tools/bin/../lib/gcc/arm-none-eabi/6.3.1/../../../../arm-none-eabi/lib/thumb/v7e-m/fpv4-sp/hard/libcr_c.a(initio.o)
                              /usr/local/mcuxpressoide-10.1.1_606/ide/tools/bin/../lib/gcc/arm-none-eabi/6.3.1/../../../../arm-none-eabi/lib/thumb/v7e-m/fpv4-sp/hard/libcr_semihost_nf.a(_cr__main.o) (_initio)
[...]
Memory Configuration

Name             Origin             Length             Attributes
PROGRAM_FLASH    0x0000000000000000 0x0000000000080000 xr
BOARD_FLASH      0x0000000010000000 0x0000000001000000 xr
SRAM_0_1_2_3     0x0000000020000000 0x0000000000028000 xrw
SRAMX            0x0000000004000000 0x0000000000008000 xrw
USB_RAM          0x0000000040100000 0x0000000000002000 xrw
BOARD_SDRAM      0x00000000a0000000 0x0000000001000000 xrw
*default*        0x0000000000000000 0xffffffffffffffff

Linker script and memory map

LOAD ./utilities/fsl_assert.o
LOAD ./utilities/fsl_debug_console.o
LOAD ./utilities/fsl_io.o
LOAD ./utilities/fsl_log.o
LOAD ./utilities/fsl_str.o
LOAD ./startup/startup_LPC54628.o
LOAD ./source/fsl_adc_interrupt.o
LOAD ./source/semihost_hardfault.o
LOAD ./drivers/fsl_adc.o
LOAD ./drivers/fsl_clock.o
LOAD ./drivers/fsl_common.o
LOAD ./drivers/fsl_emc.o
LOAD ./drivers/fsl_flexcomm.o
LOAD ./drivers/fsl_gpio.o
LOAD ./drivers/fsl_inputmux.o
LOAD ./drivers/fsl_power.o
LOAD ./drivers/fsl_reset.o
LOAD ./drivers/fsl_usart.o
LOAD ./board/board.o
LOAD ./board/clock_config.o
LOAD ./board/pin_mux.o
LOAD ./CMSIS/system_LPC54628.o
LOAD /home/ben/projects/mcuxpresso_workspace/lpcxpresso54628_driver_examples_adc_lpc_adc_interrupt/libs/libpower_hardabi.a
START GROUP
LOAD /usr/local/mcuxpressoide-10.1.1_606/ide/tools/bin/../lib/gcc/arm-none-eabi/6.3.1/../../../../arm-none-eabi/lib/thumb/v7e-m/fpv4-sp/hard/libcr_semihost_nf.a
LOAD /usr/local/mcuxpressoide-10.1.1_606/ide/tools/bin/../lib/gcc/arm-none-eabi/6.3.1/../../../../arm-none-eabi/lib/thumb/v7e-m/fpv4-sp/hard/libcr_c.a
LOAD /usr/local/mcuxpressoide-10.1.1_606/ide/tools/bin/../lib/gcc/arm-none-eabi/6.3.1/thumb/v7e-m/fpv4-sp/hard/libcr_eabihelpers.a
END GROUP
                0x0000000000000000                __base_PROGRAM_FLASH = 0x0
                0x0000000000000000                __base_Flash = 0x0
                0x0000000000080000                __top_PROGRAM_FLASH = 0x80000
                0x0000000000080000                __top_Flash = 0x80000
                0x0000000010000000                __base_BOARD_FLASH = 0x10000000
                0x0000000010000000                __base_Flash2 = 0x10000000
                0x0000000011000000                __top_BOARD_FLASH = 0x11000000
                0x0000000011000000                __top_Flash2 = 0x11000000
                0x0000000020000000                __base_SRAM_0_1_2_3 = 0x20000000
                0x0000000020000000                __base_RAM = 0x20000000
                0x0000000020028000                __top_SRAM_0_1_2_3 = 0x20028000
                0x0000000020028000                __top_RAM = 0x20028000
                0x0000000004000000                __base_SRAMX = 0x4000000
                0x0000000004000000                __base_RAM2 = 0x4000000
                0x0000000004008000                __top_SRAMX = 0x4008000
                0x0000000004008000                __top_RAM2 = 0x4008000
                0x0000000040100000                __base_USB_RAM = 0x40100000
                0x0000000040100000                __base_RAM3 = 0x40100000
                0x0000000040102000                __top_USB_RAM = 0x40102000
                0x0000000040102000                __top_RAM3 = 0x40102000
                0x00000000a0000000                __base_BOARD_SDRAM = 0xa0000000
                0x00000000a0000000                __base_RAM4 = 0xa0000000
                0x00000000a1000000                __top_BOARD_SDRAM = 0xa1000000
                0x00000000a1000000                __top_RAM4 = 0xa1000000

.text_Flash2    0x0000000010000000        0x0
 FILL mask 0xff
 *(.text_Flash2*)
 *(.text_BOARD_FLASH*)
 *(.text.$Flash2*)
 *(.text.$BOARD_FLASH*)
 *(.rodata.$Flash2*)
 *(.rodata.$BOARD_FLASH*)

.text           0x0000000000000000     0x4648
 FILL mask 0xff
                0x0000000000000000                __vectors_start__ = ABSOLUTE (.)
 *(.isr_vector)
 .isr_vector    0x0000000000000000      0x124 ./startup/startup_LPC54628.o
                0x0000000000000000                __Vectors
                0x0000000000000000                g_pfnVectors
                0x0000000000000124                . = ALIGN (0x4)
                0x0000000000000124                __section_table_start = .
                0x0000000000000124                __data_section_table = .
                0x0000000000000124        0x4 LONG 0x4648 LOADADDR (.data)
                0x0000000000000128        0x4 LONG 0x20000000 ADDR (.data)
                0x000000000000012c        0x4 LONG 0x8 SIZEOF (.data)
                0x0000000000000130        0x4 LONG 0x4648 LOADADDR (.data_RAM2)
                0x0000000000000134        0x4 LONG 0x4000000 ADDR (.data_RAM2)
                0x0000000000000138        0x4 LONG 0x0 SIZEOF (.data_RAM2)
                0x000000000000013c        0x4 LONG 0x4648 LOADADDR (.data_RAM3)
                0x0000000000000140        0x4 LONG 0x40100000 ADDR (.data_RAM3)
                0x0000000000000144        0x4 LONG 0x0 SIZEOF (.data_RAM3)
                0x0000000000000148        0x4 LONG 0x4648 LOADADDR (.data_RAM4)
                0x000000000000014c        0x4 LONG 0xa0000000 ADDR (.data_RAM4)
                0x0000000000000150        0x4 LONG 0x0 SIZEOF (.data_RAM4)
                0x0000000000000154                __data_section_table_end = .
                0x0000000000000154                __bss_section_table = .
                0x0000000000000154        0x4 LONG 0x20000008 ADDR (.bss)
                0x0000000000000158        0x4 LONG 0x138 SIZEOF (.bss)
                0x000000000000015c        0x4 LONG 0x4000000 ADDR (.bss_RAM2)
                0x0000000000000160        0x4 LONG 0x0 SIZEOF (.bss_RAM2)
                0x0000000000000164        0x4 LONG 0x40100000 ADDR (.bss_RAM3)
                0x0000000000000168        0x4 LONG 0x0 SIZEOF (.bss_RAM3)
                0x000000000000016c        0x4 LONG 0xa0000000 ADDR (.bss_RAM4)
                0x0000000000000170        0x4 LONG 0x0 SIZEOF (.bss_RAM4)
                0x0000000000000174                __bss_section_table_end = .
                0x0000000000000174                __section_table_end = .
 *(.after_vectors*)
 .after_vectors.init_data
                0x0000000000000174       0x1e ./startup/startup_LPC54628.o
                0x0000000000000174                data_init
 .after_vectors.init_bss
                0x0000000000000192       0x12 ./startup/startup_LPC54628.o
                0x0000000000000192                bss_init
 .after_vectors.reset
                0x00000000000001a4       0x58 ./startup/startup_LPC54628.o
                0x00000000000001a4                ResetISR
 .after_vectors
                0x00000000000001fc       0x14 ./startup/startup_LPC54628.o
                0x00000000000001fc                NMI_Handler
                0x0000000000000200                MemManage_Handler
                0x0000000000000202                BusFault_Handler
                0x0000000000000204                UsageFault_Handler
                0x0000000000000206                SVC_Handler
                0x0000000000000208                DebugMon_Handler
                0x000000000000020a                PendSV_Handler
                0x000000000000020c                SysTick_Handler
                0x000000000000020e                DMA0_DriverIRQHandler
                0x000000000000020e                EEPROM_DriverIRQHandler
                0x000000000000020e                RIT_DriverIRQHandler
                0x000000000000020e                CAN0_IRQ0_DriverIRQHandler
                0x000000000000020e                PIN_INT3_DriverIRQHandler
                0x000000000000020e                PIN_INT2_DriverIRQHandler
                0x000000000000020e                ETHERNET_DriverIRQHandler
                0x000000000000020e                PIN_INT0_DriverIRQHandler
                0x000000000000020e                CTIMER2_DriverIRQHandler
                0x000000000000020e                SPIFI0_DriverIRQHandler
                0x000000000000020e                IntDefaultHandler
                0x000000000000020e                USB0_DriverIRQHandler
                0x000000000000020e                MRT0_DriverIRQHandler
                0x000000000000020e                UTICK0_DriverIRQHandler
                0x000000000000020e                DMIC0_DriverIRQHandler
                0x000000000000020e                PIN_INT4_DriverIRQHandler
                0x000000000000020e                PIN_INT5_DriverIRQHandler
                0x000000000000020e                CAN1_IRQ0_DriverIRQHandler
                0x000000000000020e                Reserved47_DriverIRQHandler
                0x000000000000020e                ADC0_THCMP_DriverIRQHandler
                0x000000000000020e                CTIMER4_DriverIRQHandler
                0x000000000000020e                GINT1_DriverIRQHandler
                0x000000000000020e                PIN_INT7_DriverIRQHandler
                0x000000000000020e                CAN0_IRQ1_DriverIRQHandler
                0x000000000000020e                USB0_NEEDCLK_DriverIRQHandler
                0x000000000000020e                ADC0_SEQB_DriverIRQHandler
                0x000000000000020e                CTIMER0_DriverIRQHandler
                0x000000000000020e                CTIMER1_DriverIRQHandler
                0x000000000000020e                PIN_INT6_DriverIRQHandler
                0x000000000000020e                ETHERNET_MACLP_DriverIRQHandler
                0x000000000000020e                PIN_INT1_DriverIRQHandler
                0x000000000000020e                CTIMER3_DriverIRQHandler
                0x000000000000020e                HWVAD0_DriverIRQHandler
                0x000000000000020e                RTC_DriverIRQHandler
                0x000000000000020e                LCD_DriverIRQHandler
                0x000000000000020e                ETHERNET_PMT_DriverIRQHandler
                0x000000000000020e                USB1_DriverIRQHandler
                0x000000000000020e                CAN1_IRQ1_DriverIRQHandler
                0x000000000000020e                ADC0_SEQA_DriverIRQHandler
                0x000000000000020e                USB1_NEEDCLK_DriverIRQHandler
                0x000000000000020e                SMARTCARD0_DriverIRQHandler
                0x000000000000020e                SDIO_DriverIRQHandler
                0x000000000000020e                SHA_DriverIRQHandler
                0x000000000000020e                GINT0_DriverIRQHandler
                0x000000000000020e                SMARTCARD1_DriverIRQHandler
                0x000000000000020e                Reserved46_DriverIRQHandler
                0x000000000000020e                WDT_BOD_DriverIRQHandler
                0x000000000000020e                SCT0_DriverIRQHandler
 *(.text*)
 .text.DbgConsole_Init
                0x0000000000000210       0x38 ./utilities/fsl_debug_console.o
                0x0000000000000210                DbgConsole_Init
 .text.IO_Init  0x0000000000000248       0x64 ./utilities/fsl_io.o
                0x0000000000000248                IO_Init
 .text.LOG_Init
                0x00000000000002ac       0x30 ./utilities/fsl_log.o
                0x00000000000002ac                LOG_Init
 .text.WDT_BOD_IRQHandler
                0x00000000000002dc        0x8 ./startup/startup_LPC54628.o
                0x00000000000002dc                WDT_BOD_IRQHandler
 .text.DMA0_IRQHandler
                0x00000000000002e4        0x8 ./startup/startup_LPC54628.o
                0x00000000000002e4                DMA0_IRQHandler
 .text.GINT0_IRQHandler
                0x00000000000002ec        0x8 ./startup/startup_LPC54628.o
                0x00000000000002ec                GINT0_IRQHandler
 .text.GINT1_IRQHandler
                0x00000000000002f4        0x8 ./startup/startup_LPC54628.o
                0x00000000000002f4                GINT1_IRQHandler
 .text.PIN_INT0_IRQHandler
                0x00000000000002fc        0x8 ./startup/startup_LPC54628.o
                0x00000000000002fc                PIN_INT0_IRQHandler
 .text.PIN_INT1_IRQHandler
                0x0000000000000304        0x8 ./startup/startup_LPC54628.o
                0x0000000000000304                PIN_INT1_IRQHandler
 .text.PIN_INT2_IRQHandler
                0x000000000000030c        0x8 ./startup/startup_LPC54628.o
                0x000000000000030c                PIN_INT2_IRQHandler
 .text.PIN_INT3_IRQHandler
                0x0000000000000314        0x8 ./startup/startup_LPC54628.o
                0x0000000000000314                PIN_INT3_IRQHandler
 .text.UTICK0_IRQHandler
                0x000000000000031c        0x8 ./startup/startup_LPC54628.o
                0x000000000000031c                UTICK0_IRQHandler
 .text.MRT0_IRQHandler
                0x0000000000000324        0x8 ./startup/startup_LPC54628.o
                0x0000000000000324                MRT0_IRQHandler
 .text.CTIMER0_IRQHandler
                0x000000000000032c        0x8 ./startup/startup_LPC54628.o
                0x000000000000032c                CTIMER0_IRQHandler
 .text.CTIMER1_IRQHandler
                0x0000000000000334        0x8 ./startup/startup_LPC54628.o
                0x0000000000000334                CTIMER1_IRQHandler
 .text.SCT0_IRQHandler
                0x000000000000033c        0x8 ./startup/startup_LPC54628.o
                0x000000000000033c                SCT0_IRQHandler
 .text.CTIMER3_IRQHandler
                0x0000000000000344        0x8 ./startup/startup_LPC54628.o
                0x0000000000000344                CTIMER3_IRQHandler
 .text.FLEXCOMM0_IRQHandler
                0x000000000000034c        0x8 ./startup/startup_LPC54628.o
                0x000000000000034c                FLEXCOMM0_IRQHandler
 .text.FLEXCOMM1_IRQHandler
                0x0000000000000354        0x8 ./startup/startup_LPC54628.o
                0x0000000000000354                FLEXCOMM1_IRQHandler
 .text.FLEXCOMM2_IRQHandler
                0x000000000000035c        0x8 ./startup/startup_LPC54628.o
                0x000000000000035c                FLEXCOMM2_IRQHandler
 .text.FLEXCOMM3_IRQHandler
                0x0000000000000364        0x8 ./startup/startup_LPC54628.o
                0x0000000000000364                FLEXCOMM3_IRQHandler
 .text.FLEXCOMM4_IRQHandler
                0x000000000000036c        0x8 ./startup/startup_LPC54628.o
                0x000000000000036c                FLEXCOMM4_IRQHandler
 .text.FLEXCOMM5_IRQHandler
                0x0000000000000374        0x8 ./startup/startup_LPC54628.o
                0x0000000000000374                FLEXCOMM5_IRQHandler
 .text.FLEXCOMM6_IRQHandler
                0x000000000000037c        0x8 ./startup/startup_LPC54628.o
                0x000000000000037c                FLEXCOMM6_IRQHandler
 .text.FLEXCOMM7_IRQHandler
                0x0000000000000384        0x8 ./startup/startup_LPC54628.o
                0x0000000000000384                FLEXCOMM7_IRQHandler
 .text.ADC0_SEQB_IRQHandler
                0x000000000000038c        0x8 ./startup/startup_LPC54628.o
                0x000000000000038c                ADC0_SEQB_IRQHandler
 .text.ADC0_THCMP_IRQHandler
                0x0000000000000394        0x8 ./startup/startup_LPC54628.o
                0x0000000000000394                ADC0_THCMP_IRQHandler
 .text.DMIC0_IRQHandler
                0x000000000000039c        0x8 ./startup/startup_LPC54628.o
                0x000000000000039c                DMIC0_IRQHandler
 .text.HWVAD0_IRQHandler
                0x00000000000003a4        0x8 ./startup/startup_LPC54628.o
                0x00000000000003a4                HWVAD0_IRQHandler
 .text.USB0_NEEDCLK_IRQHandler
                0x00000000000003ac        0x8 ./startup/startup_LPC54628.o
                0x00000000000003ac                USB0_NEEDCLK_IRQHandler
 .text.USB0_IRQHandler
                0x00000000000003b4        0x8 ./startup/startup_LPC54628.o
                0x00000000000003b4                USB0_IRQHandler
 .text.RTC_IRQHandler
                0x00000000000003bc        0x8 ./startup/startup_LPC54628.o
                0x00000000000003bc                RTC_IRQHandler
 .text.Reserved46_IRQHandler
                0x00000000000003c4        0x8 ./startup/startup_LPC54628.o
                0x00000000000003c4                Reserved46_IRQHandler
 .text.Reserved47_IRQHandler
                0x00000000000003cc        0x8 ./startup/startup_LPC54628.o
                0x00000000000003cc                Reserved47_IRQHandler
 .text.PIN_INT4_IRQHandler
                0x00000000000003d4        0x8 ./startup/startup_LPC54628.o
                0x00000000000003d4                PIN_INT4_IRQHandler
 .text.PIN_INT5_IRQHandler
                0x00000000000003dc        0x8 ./startup/startup_LPC54628.o
                0x00000000000003dc                PIN_INT5_IRQHandler
 .text.PIN_INT6_IRQHandler
                0x00000000000003e4        0x8 ./startup/startup_LPC54628.o
                0x00000000000003e4                PIN_INT6_IRQHandler
 .text.PIN_INT7_IRQHandler
                0x00000000000003ec        0x8 ./startup/startup_LPC54628.o
                0x00000000000003ec                PIN_INT7_IRQHandler
 .text.CTIMER2_IRQHandler
                0x00000000000003f4        0x8 ./startup/startup_LPC54628.o
                0x00000000000003f4                CTIMER2_IRQHandler
 .text.CTIMER4_IRQHandler
                0x00000000000003fc        0x8 ./startup/startup_LPC54628.o
                0x00000000000003fc                CTIMER4_IRQHandler
 .text.RIT_IRQHandler
                0x0000000000000404        0x8 ./startup/startup_LPC54628.o
                0x0000000000000404                RIT_IRQHandler
 .text.SPIFI0_IRQHandler
                0x000000000000040c        0x8 ./startup/startup_LPC54628.o
                0x000000000000040c                SPIFI0_IRQHandler
 .text.FLEXCOMM8_IRQHandler
                0x0000000000000414        0x8 ./startup/startup_LPC54628.o
                0x0000000000000414                FLEXCOMM8_IRQHandler
 .text.FLEXCOMM9_IRQHandler
                0x000000000000041c        0x8 ./startup/startup_LPC54628.o
                0x000000000000041c                FLEXCOMM9_IRQHandler
 .text.SDIO_IRQHandler
                0x0000000000000424        0x8 ./startup/startup_LPC54628.o
                0x0000000000000424                SDIO_IRQHandler
 .text.CAN0_IRQ0_IRQHandler
                0x000000000000042c        0x8 ./startup/startup_LPC54628.o
                0x000000000000042c                CAN0_IRQ0_IRQHandler
 .text.CAN0_IRQ1_IRQHandler
                0x0000000000000434        0x8 ./startup/startup_LPC54628.o
                0x0000000000000434                CAN0_IRQ1_IRQHandler
 .text.CAN1_IRQ0_IRQHandler
                0x000000000000043c        0x8 ./startup/startup_LPC54628.o
                0x000000000000043c                CAN1_IRQ0_IRQHandler
 .text.CAN1_IRQ1_IRQHandler
                0x0000000000000444        0x8 ./startup/startup_LPC54628.o
                0x0000000000000444                CAN1_IRQ1_IRQHandler
 .text.USB1_IRQHandler
                0x000000000000044c        0x8 ./startup/startup_LPC54628.o
                0x000000000000044c                USB1_IRQHandler
 .text.USB1_NEEDCLK_IRQHandler
                0x0000000000000454        0x8 ./startup/startup_LPC54628.o
                0x0000000000000454                USB1_NEEDCLK_IRQHandler
 .text.ETHERNET_IRQHandler
                0x000000000000045c        0x8 ./startup/startup_LPC54628.o
                0x000000000000045c                ETHERNET_IRQHandler
 .text.ETHERNET_PMT_IRQHandler
                0x0000000000000464        0x8 ./startup/startup_LPC54628.o
                0x0000000000000464                ETHERNET_PMT_IRQHandler
 .text.ETHERNET_MACLP_IRQHandler
                0x000000000000046c        0x8 ./startup/startup_LPC54628.o
                0x000000000000046c                ETHERNET_MACLP_IRQHandler
 .text.EEPROM_IRQHandler
                0x0000000000000474        0x8 ./startup/startup_LPC54628.o
                0x0000000000000474                EEPROM_IRQHandler
 .text.LCD_IRQHandler
                0x000000000000047c        0x8 ./startup/startup_LPC54628.o
                0x000000000000047c                LCD_IRQHandler
 .text.SHA_IRQHandler
                0x0000000000000484        0x8 ./startup/startup_LPC54628.o
                0x0000000000000484                SHA_IRQHandler
 .text.SMARTCARD0_IRQHandler
                0x000000000000048c        0x8 ./startup/startup_LPC54628.o
                0x000000000000048c                SMARTCARD0_IRQHandler
 .text.SMARTCARD1_IRQHandler
                0x0000000000000494        0x8 ./startup/startup_LPC54628.o
                0x0000000000000494                SMARTCARD1_IRQHandler
 .text.__NVIC_EnableIRQ
                0x000000000000049c       0x3c ./source/fsl_adc_interrupt.o
 .text.CLOCK_EnableClock
                0x00000000000004d8       0x54 ./source/fsl_adc_interrupt.o
 .text.ADC_EnableTemperatureSensor
                0x000000000000052c       0x38 ./source/fsl_adc_interrupt.o
 .text.ADC_EnableConvSeqA
                0x0000000000000564       0x38 ./source/fsl_adc_interrupt.o
 .text.ADC_DoSoftwareTriggerConvSeqA
                0x000000000000059c       0x20 ./source/fsl_adc_interrupt.o
 .text.ADC_EnableInterrupts
                0x00000000000005bc       0x26 ./source/fsl_adc_interrupt.o
 .text.ADC_GetStatusFlags
                0x00000000000005e2       0x18 ./source/fsl_adc_interrupt.o
 .text.ADC_ClearStatusFlags
                0x00000000000005fa       0x1c ./source/fsl_adc_interrupt.o
 .text.POWER_DisablePD
                0x0000000000000616       0x2e ./source/fsl_adc_interrupt.o
 .text.ADC_ClockPower_Configuration
                0x0000000000000644       0x38 ./source/fsl_adc_interrupt.o
 .text.main     0x000000000000067c       0xfc ./source/fsl_adc_interrupt.o
                0x000000000000067c                main
 .text.ADC0_SEQA_IRQHandler
                0x0000000000000778       0x48 ./source/fsl_adc_interrupt.o
                0x0000000000000778                ADC0_SEQA_IRQHandler
 .text.ADC_Configuration
                0x00000000000007c0       0x64 ./source/fsl_adc_interrupt.o
 .text.HardFault_Handler
                0x0000000000000824       0x2a ./source/semihost_hardfault.o
                0x0000000000000824                HardFault_Handler
 *fill*         0x000000000000084e        0x2 ff
 .text.CLOCK_EnableClock
                0x0000000000000850       0x54 ./drivers/fsl_adc.o
 .text.ADC_GetInstance
                0x00000000000008a4       0x44 ./drivers/fsl_adc.o
 .text.ADC_Init
                0x00000000000008e8       0x8c ./drivers/fsl_adc.o
                0x00000000000008e8                ADC_Init
 .text.ADC_DoSelfCalibration
                0x0000000000000974       0xc0 ./drivers/fsl_adc.o
                0x0000000000000974                ADC_DoSelfCalibration
 .text.ADC_SetConvSeqAConfig
                0x0000000000000a34       0x88 ./drivers/fsl_adc.o
                0x0000000000000a34                ADC_SetConvSeqAConfig
 .text.ADC_GetChannelConversionResult
                0x0000000000000abc       0x94 ./drivers/fsl_adc.o
                0x0000000000000abc                ADC_GetChannelConversionResult
 .text.CLOCK_SetFLASHAccessCycles
                0x0000000000000b50       0x34 ./drivers/fsl_clock.o
 .text.CLOCK_GetAsyncApbClkSrc
                0x0000000000000b84       0x20 ./drivers/fsl_clock.o
 .text.CLOCK_IsSystemPLLLocked
                0x0000000000000ba4       0x24 ./drivers/fsl_clock.o
 .text.CLOCK_Enable_SysOsc
                0x0000000000000bc8       0x5c ./drivers/fsl_clock.o
 .text.POWER_EnablePD
                0x0000000000000c24       0x2e ./drivers/fsl_clock.o
 .text.POWER_DisablePD
                0x0000000000000c52       0x2e ./drivers/fsl_clock.o
 .text.CLOCK_AttachClk
                0x0000000000000c80       0x98 ./drivers/fsl_clock.o
                0x0000000000000c80                CLOCK_AttachClk
 .text.CLOCK_SetClkDiv
                0x0000000000000d18       0x5c ./drivers/fsl_clock.o
                0x0000000000000d18                CLOCK_SetClkDiv
 .text.CLOCK_GetClockOutClkFreq
                0x0000000000000d74       0x98 ./drivers/fsl_clock.o
                0x0000000000000d74                CLOCK_GetClockOutClkFreq
 .text.CLOCK_GetSpifiClkFreq
                0x0000000000000e0c       0x88 ./drivers/fsl_clock.o
                0x0000000000000e0c                CLOCK_GetSpifiClkFreq
 .text.CLOCK_GetAdcClkFreq
                0x0000000000000e94       0x80 ./drivers/fsl_clock.o
                0x0000000000000e94                CLOCK_GetAdcClkFreq
 .text.CLOCK_GetUsb0ClkFreq
                0x0000000000000f14       0x78 ./drivers/fsl_clock.o
                0x0000000000000f14                CLOCK_GetUsb0ClkFreq
 .text.CLOCK_GetUsb1ClkFreq
                0x0000000000000f8c       0x78 ./drivers/fsl_clock.o
                0x0000000000000f8c                CLOCK_GetUsb1ClkFreq
 .text.CLOCK_GetMclkClkFreq
                0x0000000000001004       0x62 ./drivers/fsl_clock.o
                0x0000000000001004                CLOCK_GetMclkClkFreq
 *fill*         0x0000000000001066        0x2 ff
 .text.CLOCK_GetSctClkFreq
                0x0000000000001068       0x80 ./drivers/fsl_clock.o
                0x0000000000001068                CLOCK_GetSctClkFreq
 .text.CLOCK_GetSdioClkFreq
                0x00000000000010e8       0x88 ./drivers/fsl_clock.o
                0x00000000000010e8                CLOCK_GetSdioClkFreq
 .text.CLOCK_GetLcdClkFreq
                0x0000000000001170       0x68 ./drivers/fsl_clock.o
                0x0000000000001170                CLOCK_GetLcdClkFreq
 .text.CLOCK_GetLcdClkIn
                0x00000000000011d8       0x10 ./drivers/fsl_clock.o
                0x00000000000011d8                CLOCK_GetLcdClkIn
 .text.CLOCK_GetFro12MFreq
                0x00000000000011e8       0x28 ./drivers/fsl_clock.o
                0x00000000000011e8                CLOCK_GetFro12MFreq
 .text.CLOCK_GetExtClkFreq
                0x0000000000001210       0x14 ./drivers/fsl_clock.o
                0x0000000000001210                CLOCK_GetExtClkFreq
 .text.CLOCK_GetWdtOscFreq
                0x0000000000001224       0x68 ./drivers/fsl_clock.o
                0x0000000000001224                CLOCK_GetWdtOscFreq
 .text.CLOCK_GetFroHfFreq
                0x000000000000128c       0x50 ./drivers/fsl_clock.o
                0x000000000000128c                CLOCK_GetFroHfFreq
 .text.CLOCK_GetPllOutFreq
                0x00000000000012dc       0x18 ./drivers/fsl_clock.o
                0x00000000000012dc                CLOCK_GetPllOutFreq
 .text.CLOCK_GetAudioPllOutFreq
                0x00000000000012f4       0x18 ./drivers/fsl_clock.o
                0x00000000000012f4                CLOCK_GetAudioPllOutFreq
 .text.CLOCK_GetUsbPllOutFreq
                0x000000000000130c       0x18 ./drivers/fsl_clock.o
                0x000000000000130c                CLOCK_GetUsbPllOutFreq
 .text.CLOCK_GetOsc32KFreq
                0x0000000000001324       0x12 ./drivers/fsl_clock.o
                0x0000000000001324                CLOCK_GetOsc32KFreq
 .text.CLOCK_GetCoreSysClkFreq
                0x0000000000001336       0x8c ./drivers/fsl_clock.o
                0x0000000000001336                CLOCK_GetCoreSysClkFreq
 .text.CLOCK_GetI2SMClkFreq
                0x00000000000013c2       0x10 ./drivers/fsl_clock.o
                0x00000000000013c2                CLOCK_GetI2SMClkFreq
 *fill*         0x00000000000013d2        0x2 ff
 .text.CLOCK_GetAsyncApbClkFreq
                0x00000000000013d4       0x3c ./drivers/fsl_clock.o
                0x00000000000013d4                CLOCK_GetAsyncApbClkFreq
 .text.CLOCK_GetFlexCommClkFreq
                0x0000000000001410       0x6c ./drivers/fsl_clock.o
                0x0000000000001410                CLOCK_GetFlexCommClkFreq
 .text.CLOCK_GetFrgClkFreq
                0x000000000000147c       0x58 ./drivers/fsl_clock.o
                0x000000000000147c                CLOCK_GetFrgClkFreq
 .text.CLOCK_GetDmicClkFreq
                0x00000000000014d4       0x80 ./drivers/fsl_clock.o
                0x00000000000014d4                CLOCK_GetDmicClkFreq
 .text.CLOCK_GetFreq
                0x0000000000001554      0x228 ./drivers/fsl_clock.o
                0x0000000000001554                CLOCK_GetFreq
 .text.CLOCK_SetFLASHAccessCyclesForFreq
                0x000000000000177c       0xb8 ./drivers/fsl_clock.o
                0x000000000000177c                CLOCK_SetFLASHAccessCyclesForFreq
 .text.CLOCK_SetPLLFreq
                0x0000000000001834      0x12c ./drivers/fsl_clock.o
                0x0000000000001834                CLOCK_SetPLLFreq
 .text.CLOCK_EnableClock
                0x0000000000001960       0x54 ./drivers/fsl_flexcomm.o
 .text.FLEXCOMM_PeripheralIsPresent
                0x00000000000019b4       0x6a ./drivers/fsl_flexcomm.o
 *fill*         0x0000000000001a1e        0x2 ff
 .text.FLEXCOMM_GetInstance
                0x0000000000001a20       0x44 ./drivers/fsl_flexcomm.o
                0x0000000000001a20                FLEXCOMM_GetInstance
 .text.FLEXCOMM_SetPeriph
                0x0000000000001a64       0x74 ./drivers/fsl_flexcomm.o
                0x0000000000001a64                FLEXCOMM_SetPeriph
 .text.FLEXCOMM_Init
                0x0000000000001ad8       0x48 ./drivers/fsl_flexcomm.o
                0x0000000000001ad8                FLEXCOMM_Init
 .text.FLEXCOMM0_DriverIRQHandler
                0x0000000000001b20       0x3c ./drivers/fsl_flexcomm.o
                0x0000000000001b20                FLEXCOMM0_DriverIRQHandler
 .text.FLEXCOMM1_DriverIRQHandler
                0x0000000000001b5c       0x3c ./drivers/fsl_flexcomm.o
                0x0000000000001b5c                FLEXCOMM1_DriverIRQHandler
 .text.FLEXCOMM2_DriverIRQHandler
                0x0000000000001b98       0x3c ./drivers/fsl_flexcomm.o
                0x0000000000001b98                FLEXCOMM2_DriverIRQHandler
 .text.FLEXCOMM3_DriverIRQHandler
                0x0000000000001bd4       0x3c ./drivers/fsl_flexcomm.o
                0x0000000000001bd4                FLEXCOMM3_DriverIRQHandler
 .text.FLEXCOMM4_DriverIRQHandler
                0x0000000000001c10       0x3c ./drivers/fsl_flexcomm.o
                0x0000000000001c10                FLEXCOMM4_DriverIRQHandler
 .text.FLEXCOMM5_DriverIRQHandler
                0x0000000000001c4c       0x3c ./drivers/fsl_flexcomm.o
                0x0000000000001c4c                FLEXCOMM5_DriverIRQHandler
 .text.FLEXCOMM6_DriverIRQHandler
                0x0000000000001c88       0x3c ./drivers/fsl_flexcomm.o
                0x0000000000001c88                FLEXCOMM6_DriverIRQHandler
 .text.FLEXCOMM7_DriverIRQHandler
                0x0000000000001cc4       0x3c ./drivers/fsl_flexcomm.o
                0x0000000000001cc4                FLEXCOMM7_DriverIRQHandler
 .text.FLEXCOMM8_DriverIRQHandler
                0x0000000000001d00       0x3c ./drivers/fsl_flexcomm.o
                0x0000000000001d00                FLEXCOMM8_DriverIRQHandler
 .text.FLEXCOMM9_DriverIRQHandler
                0x0000000000001d3c       0x3c ./drivers/fsl_flexcomm.o
                0x0000000000001d3c                FLEXCOMM9_DriverIRQHandler
 .text.RESET_SetPeripheralReset
                0x0000000000001d78       0x7c ./drivers/fsl_reset.o
                0x0000000000001d78                RESET_SetPeripheralReset
 .text.RESET_ClearPeripheralReset
                0x0000000000001df4       0x80 ./drivers/fsl_reset.o
                0x0000000000001df4                RESET_ClearPeripheralReset
 .text.RESET_PeripheralReset
                0x0000000000001e74       0x1c ./drivers/fsl_reset.o
                0x0000000000001e74                RESET_PeripheralReset
 .text.USART_Init
                0x0000000000001e90      0x14c ./drivers/fsl_usart.o
                0x0000000000001e90                USART_Init
 .text.USART_GetDefaultConfig
                0x0000000000001fdc       0x58 ./drivers/fsl_usart.o
                0x0000000000001fdc                USART_GetDefaultConfig
 .text.USART_SetBaudRate
                0x0000000000002034       0xe4 ./drivers/fsl_usart.o
                0x0000000000002034                USART_SetBaudRate
 .text.BOARD_InitDebugConsole
                0x0000000000002118       0x44 ./board/board.o
                0x0000000000002118                BOARD_InitDebugConsole
 .text.POWER_DisablePD
                0x000000000000215c       0x2e ./board/clock_config.o
 *fill*         0x000000000000218a        0x2 ff
 .text.BOARD_BootClockPLL220M
                0x000000000000218c       0x9c ./board/clock_config.o
                0x000000000000218c                BOARD_BootClockPLL220M
 .text.CLOCK_EnableClock
                0x0000000000002228       0x54 ./board/pin_mux.o
 .text.IOCON_PinMuxSet
                0x000000000000227c       0x2e ./board/pin_mux.o
 *fill*         0x00000000000022aa        0x2 ff
 .text.BOARD_InitPins
                0x00000000000022ac       0x3c ./board/pin_mux.o
                0x00000000000022ac                BOARD_InitPins
 .text.SystemInit
                0x00000000000022e8       0x40 ./CMSIS/system_LPC54628.o
                0x00000000000022e8                SystemInit
 .text.SystemInitHook
                0x0000000000002328        0xe ./CMSIS/system_LPC54628.o
                0x0000000000002328                SystemInitHook
 *fill*         0x0000000000002336        0x2 ff
 .text.POWER_SetVoltageForFreq
                0x0000000000002338       0x44 /home/ben/projects/mcuxpresso_workspace/lpcxpresso54628_driver_examples_adc_lpc_adc_interrupt/libs/libpower_hardabi.a(fsl_power_lib.o)
                0x0000000000002338                POWER_SetVoltageForFreq
 .text.POWER_SetPLL
                0x000000000000237c       0x1c /home/ben/projects/mcuxpresso_workspace/lpcxpresso54628_driver_examples_adc_lpc_adc_interrupt/libs/libpower_hardabi.a(fsl_power_lib.o)
                0x000000000000237c                POWER_SetPLL
 .text.__main   0x0000000000002398        0xe /usr/local/mcuxpressoide-10.1.1_606/ide/tools/bin/../lib/gcc/arm-none-eabi/6.3.1/../../../../arm-none-eabi/lib/thumb/v7e-m/fpv4-sp/hard/libcr_semihost_nf.a(_cr__main.o)
                0x0000000000002398                __main
                0x0000000000002398                __CR_SEMIHOST
 *fill*         0x00000000000023a6        0x2 ff
 .text.__assertion_failed
                0x00000000000023a8       0x4c /usr/local/mcuxpressoide-10.1.1_606/ide/tools/bin/../lib/gcc/arm-none-eabi/6.3.1/../../../../arm-none-eabi/lib/thumb/v7e-m/fpv4-sp/hard/libcr_semihost_nf.a(_cr_assert.o)
                0x00000000000023a8                __assertion_failed
 .text.__sys_appexit
                0x00000000000023f4        0xc /usr/local/mcuxpressoide-10.1.1_606/ide/tools/bin/../lib/gcc/arm-none-eabi/6.3.1/../../../../arm-none-eabi/lib/thumb/v7e-m/fpv4-sp/hard/libcr_semihost_nf.a(__sys_appexit.o)
                0x00000000000023f4                __exit
                0x00000000000023f4                __sys_appexit
 .text.memset   0x0000000000002400        0x4 /usr/local/mcuxpressoide-10.1.1_606/ide/tools/bin/../lib/gcc/arm-none-eabi/6.3.1/../../../../arm-none-eabi/lib/thumb/v7e-m/fpv4-sp/hard/libcr_c.a(memset.o)
                0x0000000000002400                memset
 .text._Csys_read_
                0x0000000000002404       0x22 /usr/local/mcuxpressoide-10.1.1_606/ide/tools/bin/../lib/gcc/arm-none-eabi/6.3.1/../../../../arm-none-eabi/lib/thumb/v7e-m/fpv4-sp/hard/libcr_c.a(__fillbuf.o)
                0x0000000000002404                _Csys_read_
 *fill*         0x0000000000002426        0x2 ff
 .text.__filbuf
                0x0000000000002428      0x178 /usr/local/mcuxpressoide-10.1.1_606/ide/tools/bin/../lib/gcc/arm-none-eabi/6.3.1/../../../../arm-none-eabi/lib/thumb/v7e-m/fpv4-sp/hard/libcr_c.a(__fillbuf.o)
                0x0000000000002428                __filbuf
 .text._deferredlazyseek
                0x00000000000025a0       0x40 /usr/local/mcuxpressoide-10.1.1_606/ide/tools/bin/../lib/gcc/arm-none-eabi/6.3.1/../../../../arm-none-eabi/lib/thumb/v7e-m/fpv4-sp/hard/libcr_c.a(_deferredlazyseek.o)
                0x00000000000025a0                _deferredlazyseek
 .text.__flsbuf
                0x00000000000025e0      0x148 /usr/local/mcuxpressoide-10.1.1_606/ide/tools/bin/../lib/gcc/arm-none-eabi/6.3.1/../../../../arm-none-eabi/lib/thumb/v7e-m/fpv4-sp/hard/libcr_c.a(_deferredlazyseek.o)
                0x00000000000025e0                __flsbuf
 .text._fflush  0x0000000000002728       0x54 /usr/local/mcuxpressoide-10.1.1_606/ide/tools/bin/../lib/gcc/arm-none-eabi/6.3.1/../../../../arm-none-eabi/lib/thumb/v7e-m/fpv4-sp/hard/libcr_c.a(_fflush.o)
                0x0000000000002728                _fflush
 .text._Cwritebuf
                0x000000000000277c       0x6c /usr/local/mcuxpressoide-10.1.1_606/ide/tools/bin/../lib/gcc/arm-none-eabi/6.3.1/../../../../arm-none-eabi/lib/thumb/v7e-m/fpv4-sp/hard/libcr_c.a(_writebuf.o)
                0x000000000000277c                _Cwritebuf
 .text.malloc   0x00000000000027e8       0xc4 /usr/local/mcuxpressoide-10.1.1_606/ide/tools/bin/../lib/gcc/arm-none-eabi/6.3.1/../../../../arm-none-eabi/lib/thumb/v7e-m/fpv4-sp/hard/libcr_c.a(alloc.o)
                0x00000000000027e8                malloc
 .text.free     0x00000000000028ac       0x30 /usr/local/mcuxpressoide-10.1.1_606/ide/tools/bin/../lib/gcc/arm-none-eabi/6.3.1/../../../../arm-none-eabi/lib/thumb/v7e-m/fpv4-sp/hard/libcr_c.a(alloc.o)
                0x00000000000028ac                free
 .text._Csys_alloc
                0x00000000000028dc       0x20 /usr/local/mcuxpressoide-10.1.1_606/ide/tools/bin/../lib/gcc/arm-none-eabi/6.3.1/../../../../arm-none-eabi/lib/thumb/v7e-m/fpv4-sp/hard/libcr_c.a(alloc.o)
                0x00000000000028dc                _Csys_alloc
 .text.fputs    0x00000000000028fc       0x2c /usr/local/mcuxpressoide-10.1.1_606/ide/tools/bin/../lib/gcc/arm-none-eabi/6.3.1/../../../../arm-none-eabi/lib/thumb/v7e-m/fpv4-sp/hard/libcr_c.a(fputs.o)
                0x00000000000028fc                fputs
 .text.fseek    0x0000000000002928      0x100 /usr/local/mcuxpressoide-10.1.1_606/ide/tools/bin/../lib/gcc/arm-none-eabi/6.3.1/../../../../arm-none-eabi/lib/thumb/v7e-m/fpv4-sp/hard/libcr_c.a(fseek.o)
                0x0000000000002928                fseek
 .text.ftell    0x0000000000002a28       0x48 /usr/local/mcuxpressoide-10.1.1_606/ide/tools/bin/../lib/gcc/arm-none-eabi/6.3.1/../../../../arm-none-eabi/lib/thumb/v7e-m/fpv4-sp/hard/libcr_c.a(ftell.o)
                0x0000000000002a28                ftell
 .text._initio  0x0000000000002a70       0x78 /usr/local/mcuxpressoide-10.1.1_606/ide/tools/bin/../lib/gcc/arm-none-eabi/6.3.1/../../../../arm-none-eabi/lib/thumb/v7e-m/fpv4-sp/hard/libcr_c.a(initio.o)
                0x0000000000002a70                _initio
 .text.no_fp_display
                0x0000000000002ae8        0x4 /usr/local/mcuxpressoide-10.1.1_606/ide/tools/bin/../lib/gcc/arm-none-eabi/6.3.1/../../../../arm-none-eabi/lib/thumb/v7e-m/fpv4-sp/hard/libcr_c.a(printf.o)
 .text.__vfprintf
                0x0000000000002aec      0xb7c /usr/local/mcuxpressoide-10.1.1_606/ide/tools/bin/../lib/gcc/arm-none-eabi/6.3.1/../../../../arm-none-eabi/lib/thumb/v7e-m/fpv4-sp/hard/libcr_c.a(printf.o)
                0x0000000000002aec                __vfprintf
 .text._vsnprintf
                0x0000000000003668       0x5c /usr/local/mcuxpressoide-10.1.1_606/ide/tools/bin/../lib/gcc/arm-none-eabi/6.3.1/../../../../arm-none-eabi/lib/thumb/v7e-m/fpv4-sp/hard/libcr_c.a(printf.o)
                0x0000000000003668                _vsnprintf
 .text._printf  0x00000000000036c4       0x54 /usr/local/mcuxpressoide-10.1.1_606/ide/tools/bin/../lib/gcc/arm-none-eabi/6.3.1/../../../../arm-none-eabi/lib/thumb/v7e-m/fpv4-sp/hard/libcr_c.a(printf.o)
                0x00000000000036c4                _printf
 .text.setvbuf  0x0000000000003718       0x40 /usr/local/mcuxpressoide-10.1.1_606/ide/tools/bin/../lib/gcc/arm-none-eabi/6.3.1/../../../../arm-none-eabi/lib/thumb/v7e-m/fpv4-sp/hard/libcr_c.a(setvbuf.o)
                0x0000000000003718                setvbuf
 .text.strlen   0x0000000000003758       0x4a /usr/local/mcuxpressoide-10.1.1_606/ide/tools/bin/../lib/gcc/arm-none-eabi/6.3.1/../../../../arm-none-eabi/lib/thumb/v7e-m/fpv4-sp/hard/libcr_c.a(strlen.o)
                0x0000000000003758                strlen
 *fill*         0x00000000000037a2        0x2 ff
 .text._sbrk    0x00000000000037a4       0x3c /usr/local/mcuxpressoide-10.1.1_606/ide/tools/bin/../lib/gcc/arm-none-eabi/6.3.1/../../../../arm-none-eabi/lib/thumb/v7e-m/fpv4-sp/hard/libcr_c.a(_cr_sbrk.o)
                0x00000000000037a4                _sbrk
 .text._fdopen  0x00000000000037e0       0x68 /usr/local/mcuxpressoide-10.1.1_606/ide/tools/bin/../lib/gcc/arm-none-eabi/6.3.1/../../../../arm-none-eabi/lib/thumb/v7e-m/fpv4-sp/hard/libcr_c.a(_fdopen.o)
                0x00000000000037e0                _fdopen
 .text.fclose   0x0000000000003848       0x58 /usr/local/mcuxpressoide-10.1.1_606/ide/tools/bin/../lib/gcc/arm-none-eabi/6.3.1/../../../../arm-none-eabi/lib/thumb/v7e-m/fpv4-sp/hard/libcr_c.a(fclose.o)
                0x0000000000003848                fclose
 .text.fflush   0x00000000000038a0       0x44 /usr/local/mcuxpressoide-10.1.1_606/ide/tools/bin/../lib/gcc/arm-none-eabi/6.3.1/../../../../arm-none-eabi/lib/thumb/v7e-m/fpv4-sp/hard/libcr_c.a(fflush.o)
                0x00000000000038a0                fflush
 .text.remove   0x00000000000038e4       0x14 /usr/local/mcuxpressoide-10.1.1_606/ide/tools/bin/../lib/gcc/arm-none-eabi/6.3.1/../../../../arm-none-eabi/lib/thumb/v7e-m/fpv4-sp/hard/libcr_c.a(remove.o)
                0x00000000000038e4                remove
 .text.__check_heap_overflow
                0x00000000000038f8       0x18 /usr/local/mcuxpressoide-10.1.1_606/ide/tools/bin/../lib/gcc/arm-none-eabi/6.3.1/../../../../arm-none-eabi/lib/thumb/v7e-m/fpv4-sp/hard/libcr_c.a(_cr_check_heap.o)
                0x00000000000038f8                __check_heap_overflow
 .text._do_fflush
                0x0000000000003910       0x40 /usr/local/mcuxpressoide-10.1.1_606/ide/tools/bin/../lib/gcc/arm-none-eabi/6.3.1/../../../../arm-none-eabi/lib/thumb/v7e-m/fpv4-sp/hard/libcr_c.a(_do_fflush.o)
                0x0000000000003910                _do_fflush
 .text.__aeabi_memset_lowlevel
                0x0000000000003950       0x32 /usr/local/mcuxpressoide-10.1.1_606/ide/tools/bin/../lib/gcc/arm-none-eabi/6.3.1/thumb/v7e-m/fpv4-sp/hard/libcr_eabihelpers.a(memcpy.o)
                0x0000000000003950                __aeabi_lowlevel_memset
 .text.__sys_close
                0x0000000000003982        0xc /usr/local/mcuxpressoide-10.1.1_606/ide/tools/bin/../lib/gcc/arm-none-eabi/6.3.1/../../../../arm-none-eabi/lib/thumb/v7e-m/fpv4-sp/hard/libcr_semihost_nf.a(__sys_close.o)
                0x0000000000003982                __sys_close
 .text.__sys_flen
                0x000000000000398e        0xc /usr/local/mcuxpressoide-10.1.1_606/ide/tools/bin/../lib/gcc/arm-none-eabi/6.3.1/../../../../arm-none-eabi/lib/thumb/v7e-m/fpv4-sp/hard/libcr_semihost_nf.a(__sys_flen.o)
                0x000000000000398e                __sys_flen
 .text.__sys_istty
                0x000000000000399a        0xc /usr/local/mcuxpressoide-10.1.1_606/ide/tools/bin/../lib/gcc/arm-none-eabi/6.3.1/../../../../arm-none-eabi/lib/thumb/v7e-m/fpv4-sp/hard/libcr_semihost_nf.a(__sys_istty.o)
                0x000000000000399a                __sys_istty
 .text.__sys_read
                0x00000000000039a6        0xc /usr/local/mcuxpressoide-10.1.1_606/ide/tools/bin/../lib/gcc/arm-none-eabi/6.3.1/../../../../arm-none-eabi/lib/thumb/v7e-m/fpv4-sp/hard/libcr_semihost_nf.a(__sys_read.o)
                0x00000000000039a6                __sys_read
 .text.__sys_readc
                0x00000000000039b2        0x8 /usr/local/mcuxpressoide-10.1.1_606/ide/tools/bin/../lib/gcc/arm-none-eabi/6.3.1/../../../../arm-none-eabi/lib/thumb/v7e-m/fpv4-sp/hard/libcr_semihost_nf.a(__sys_readc.o)
                0x00000000000039b2                __readc
                0x00000000000039b2                __sys_readc
 .text.__sys_remove
                0x00000000000039ba        0xc /usr/local/mcuxpressoide-10.1.1_606/ide/tools/bin/../lib/gcc/arm-none-eabi/6.3.1/../../../../arm-none-eabi/lib/thumb/v7e-m/fpv4-sp/hard/libcr_semihost_nf.a(__sys_remove.o)
                0x00000000000039ba                __sys_remove
 .text.__sys_seek
                0x00000000000039c6        0xc /usr/local/mcuxpressoide-10.1.1_606/ide/tools/bin/../lib/gcc/arm-none-eabi/6.3.1/../../../../arm-none-eabi/lib/thumb/v7e-m/fpv4-sp/hard/libcr_semihost_nf.a(__sys_seek.o)
                0x00000000000039c6                __sys_seek
 .text.__sys_tmpnam
                0x00000000000039d2        0xc /usr/local/mcuxpressoide-10.1.1_606/ide/tools/bin/../lib/gcc/arm-none-eabi/6.3.1/../../../../arm-none-eabi/lib/thumb/v7e-m/fpv4-sp/hard/libcr_semihost_nf.a(__sys_tmpnam.o)
                0x00000000000039d2                __sys_tmpnam
 .text.__sys_write
                0x00000000000039de        0xc /usr/local/mcuxpressoide-10.1.1_606/ide/tools/bin/../lib/gcc/arm-none-eabi/6.3.1/../../../../arm-none-eabi/lib/thumb/v7e-m/fpv4-sp/hard/libcr_semihost_nf.a(__sys_write.o)
                0x00000000000039de                __sys_write
 *(.rodata .rodata.* .constdata .constdata.*)
 *fill*         0x00000000000039ea        0x2 ff
 .rodata        0x00000000000039ec       0x50 ./utilities/fsl_debug_console.o
 .rodata        0x0000000000003a3c       0x27 ./utilities/fsl_io.o
 *fill*         0x0000000000003a63        0x1 ff
 .rodata        0x0000000000003a64       0xff ./source/fsl_adc_interrupt.o
 *fill*         0x0000000000003b63        0x1 ff
 .rodata        0x0000000000003b64      0x16b ./drivers/fsl_adc.o
 *fill*         0x0000000000003ccf        0x1 ff
 .rodata.wdtFreqLookup
                0x0000000000003cd0       0x20 ./drivers/fsl_clock.o
 .rodata.s_flexcommBaseAddrs
                0x0000000000003cf0       0x28 ./drivers/fsl_flexcomm.o
 .rodata.s_flexcommClocks
                0x0000000000003d18       0x14 ./drivers/fsl_flexcomm.o
 .rodata        0x0000000000003d2c      0x258 ./drivers/fsl_flexcomm.o
 .rodata        0x0000000000003f84       0x55 ./drivers/fsl_reset.o
 *fill*         0x0000000000003fd9        0x3 ff
 .rodata        0x0000000000003fdc      0x5d0 ./drivers/fsl_usart.o
 .rodata        0x00000000000045ac       0x30 ./board/board.o
 .rodata.__num_Ciob_streams
                0x00000000000045dc        0x4 /usr/local/mcuxpressoide-10.1.1_606/ide/tools/bin/../lib/gcc/arm-none-eabi/6.3.1/../../../../arm-none-eabi/lib/thumb/v7e-m/fpv4-sp/hard/libcr_semihost_nf.a(__ciob.o)
                0x00000000000045dc                __num_Ciob_streams
 .rodata.__assertion_failed.str1.1
                0x00000000000045e0       0x15 /usr/local/mcuxpressoide-10.1.1_606/ide/tools/bin/../lib/gcc/arm-none-eabi/6.3.1/../../../../arm-none-eabi/lib/thumb/v7e-m/fpv4-sp/hard/libcr_semihost_nf.a(_cr_assert.o)
 .rodata._Csys_alloc.str1.1
                0x00000000000045f5       0x18 /usr/local/mcuxpressoide-10.1.1_606/ide/tools/bin/../lib/gcc/arm-none-eabi/6.3.1/../../../../arm-none-eabi/lib/thumb/v7e-m/fpv4-sp/hard/libcr_c.a(alloc.o)
 .rodata._initio.str1.1
                0x000000000000460d        0x4 /usr/local/mcuxpressoide-10.1.1_606/ide/tools/bin/../lib/gcc/arm-none-eabi/6.3.1/../../../../arm-none-eabi/lib/thumb/v7e-m/fpv4-sp/hard/libcr_c.a(initio.o)
 .rodata.__vfprintf.str1.1
                0x0000000000004611       0x35 /usr/local/mcuxpressoide-10.1.1_606/ide/tools/bin/../lib/gcc/arm-none-eabi/6.3.1/../../../../arm-none-eabi/lib/thumb/v7e-m/fpv4-sp/hard/libcr_c.a(printf.o)
                                         0x38 (size before relaxing)
                0x0000000000004648                . = ALIGN (0x4)
 *fill*         0x0000000000004646        0x2 ff

.glue_7         0x0000000000004648        0x0
 .glue_7        0x0000000000004648        0x0 linker stubs

.glue_7t        0x0000000000004648        0x0
 .glue_7t       0x0000000000004648        0x0 linker stubs

.vfp11_veneer   0x0000000000004648        0x0
 .vfp11_veneer  0x0000000000004648        0x0 linker stubs

.v4_bx          0x0000000000004648        0x0
 .v4_bx         0x0000000000004648        0x0 linker stubs

.iplt           0x0000000000004648        0x0
 .iplt          0x0000000000004648        0x0 ./utilities/fsl_assert.o

.rel.dyn        0x0000000000004648        0x0
 .rel.iplt      0x0000000000004648        0x0 ./utilities/fsl_assert.o

.ARM.extab
 *(.ARM.extab* .gnu.linkonce.armextab.*)
                0x0000000000004648                __exidx_start = .

.ARM.exidx
 *(.ARM.exidx* .gnu.linkonce.armexidx.*)
                0x0000000000004648                __exidx_end = .
                0x0000000000004648                _etext = .

.m_usb_data
 *(m_usb_global)

.data_RAM2      0x0000000004000000        0x0 load address 0x0000000000004648
 FILL mask 0xff
                [!provide]                        PROVIDE (__start_data_RAM2, .)
 *(.ramfunc.$RAM2)
 *(.ramfunc.$SRAMX)
 *(.data.$RAM2*)
 *(.data.$SRAMX*)
                0x0000000004000000                . = ALIGN (0x4)
                [!provide]                        PROVIDE (__end_data_RAM2, .)

.data_RAM3      0x0000000040100000        0x0 load address 0x0000000000004648
 FILL mask 0xff
                [!provide]                        PROVIDE (__start_data_RAM3, .)
 *(.ramfunc.$RAM3)
 *(.ramfunc.$USB_RAM)
 *(.data.$RAM3*)
 *(.data.$USB_RAM*)
                0x0000000040100000                . = ALIGN (0x4)
                [!provide]                        PROVIDE (__end_data_RAM3, .)

.data_RAM4      0x00000000a0000000        0x0 load address 0x0000000000004648
 FILL mask 0xff
                [!provide]                        PROVIDE (__start_data_RAM4, .)
 *(.ramfunc.$RAM4)
 *(.ramfunc.$BOARD_SDRAM)
 *(.data.$RAM4*)
 *(.data.$BOARD_SDRAM*)
                0x00000000a0000000                . = ALIGN (0x4)
                [!provide]                        PROVIDE (__end_data_RAM4, .)

.uninit_RESERVED
                0x0000000020000000        0x0
 *(.bss.$RESERVED*)
                0x0000000020000000                . = ALIGN (0x4)
                0x0000000020000000                _end_uninit_RESERVED = .

.data           0x0000000020000000        0x8 load address 0x0000000000004648
 FILL mask 0xff
                0x0000000020000000                _data = .
 *(vtable)
 *(.ramfunc*)
 *(.data*)
 .data.gAdcResultInfoPtr
                0x0000000020000000        0x4 ./source/fsl_adc_interrupt.o
                0x0000000020000000                gAdcResultInfoPtr
 .data.SystemCoreClock
                0x0000000020000004        0x4 ./CMSIS/system_LPC54628.o
                0x0000000020000004                SystemCoreClock
                0x0000000020000008                . = ALIGN (0x4)
                0x0000000020000008                _edata = .

.igot.plt       0x0000000020000008        0x0 load address 0x0000000000004650
 .igot.plt      0x0000000020000008        0x0 ./utilities/fsl_assert.o

.bss_RAM2       0x0000000004000000        0x0
                [!provide]                        PROVIDE (__start_bss_RAM2, .)
 *(.bss.$RAM2*)
 *(.bss.$SRAMX*)
                0x0000000004000000                . = ALIGN ((. != 0x0)?0x4:0x1)
                [!provide]                        PROVIDE (__end_bss_RAM2, .)

.bss_RAM3       0x0000000040100000        0x0
                [!provide]                        PROVIDE (__start_bss_RAM3, .)
 *(.bss.$RAM3*)
 *(.bss.$USB_RAM*)
                0x0000000040100000                . = ALIGN ((. != 0x0)?0x4:0x1)
                [!provide]                        PROVIDE (__end_bss_RAM3, .)

.bss_RAM4       0x00000000a0000000        0x0
                [!provide]                        PROVIDE (__start_bss_RAM4, .)
 *(.bss.$RAM4*)
 *(.bss.$BOARD_SDRAM*)
                0x00000000a0000000                . = ALIGN ((. != 0x0)?0x4:0x1)
                [!provide]                        PROVIDE (__end_bss_RAM4, .)

.bss            0x0000000020000008      0x138
                0x0000000020000008                _bss = .
 *(.bss*)
 .bss.s_debugConsoleIO
                0x0000000020000008        0x8 ./utilities/fsl_io.o
 .bss.gAdcResultInfoStruct
                0x0000000020000010       0x10 ./source/fsl_adc_interrupt.o
 .bss.gAdcConvSeqAIntFlag
                0x0000000020000020        0x1 ./source/fsl_adc_interrupt.o
                0x0000000020000020                gAdcConvSeqAIntFlag
 *fill*         0x0000000020000021        0x3 
 .bss.s_Pll_Freq
                0x0000000020000024        0x4 ./drivers/fsl_clock.o
 .bss.s_Usb_Pll_Freq
                0x0000000020000028        0x4 ./drivers/fsl_clock.o
 .bss.s_Audio_Pll_Freq
                0x000000002000002c        0x4 ./drivers/fsl_clock.o
 .bss.s_flexcommIrqHandler
                0x0000000020000030       0x28 ./drivers/fsl_flexcomm.o
 .bss.s_flexcommHandle
                0x0000000020000058       0x28 ./drivers/fsl_flexcomm.o
 .bss.__Ciob    0x0000000020000080       0xb4 /usr/local/mcuxpressoide-10.1.1_606/ide/tools/bin/../lib/gcc/arm-none-eabi/6.3.1/../../../../arm-none-eabi/lib/thumb/v7e-m/fpv4-sp/hard/libcr_semihost_nf.a(__ciob.o)
                0x0000000020000080                __Ciob
 .bss.__end_of_heap
                0x0000000020000134        0x4 /usr/local/mcuxpressoide-10.1.1_606/ide/tools/bin/../lib/gcc/arm-none-eabi/6.3.1/../../../../arm-none-eabi/lib/thumb/v7e-m/fpv4-sp/hard/libcr_c.a(__init_alloc.o)
                0x0000000020000134                __end_of_heap
 .bss.__heaps   0x0000000020000138        0x4 /usr/local/mcuxpressoide-10.1.1_606/ide/tools/bin/../lib/gcc/arm-none-eabi/6.3.1/../../../../arm-none-eabi/lib/thumb/v7e-m/fpv4-sp/hard/libcr_c.a(__init_alloc.o)
                0x0000000020000138                __heaps
 .bss.errno     0x000000002000013c        0x4 /usr/local/mcuxpressoide-10.1.1_606/ide/tools/bin/../lib/gcc/arm-none-eabi/6.3.1/../../../../arm-none-eabi/lib/thumb/v7e-m/fpv4-sp/hard/libcr_c.a(errno.o)
                0x000000002000013c                errno
 *(COMMON)
                0x0000000020000140                . = ALIGN (0x4)
                0x0000000020000140                _ebss = .
                [!provide]                        PROVIDE (end, .)

.noinit_RAM2    0x0000000004000000        0x0
 *(.noinit.$RAM2*)
 *(.noinit.$SRAMX*)
                0x0000000004000000                . = ALIGN (0x4)

.noinit_RAM3    0x0000000040100000        0x0
 *(.noinit.$RAM3*)
 *(.noinit.$USB_RAM*)
                0x0000000040100000                . = ALIGN (0x4)

.noinit_RAM4    0x00000000a0000000        0x0
 *(.noinit.$RAM4*)
 *(.noinit.$BOARD_SDRAM*)
                0x00000000a0000000                . = ALIGN (0x4)

.noinit         0x0000000020000140        0x0
                0x0000000020000140                _noinit = .
 *(.noinit*)
                0x0000000020000140                . = ALIGN (0x4)
                0x0000000020000140                _end_noinit = .
                0x0000000000001000                _HeapSize = 0x1000

.heap           0x0000000020000140     0x1000
                0x0000000020000140                _pvHeapStart = .
                0x0000000020001140                . = (. + _HeapSize)
 *fill*         0x0000000020000140     0x1000 
                0x0000000020001140                . = ALIGN (0x4)
                0x0000000020001140                _pvHeapLimit = .
                0x0000000000001000                _StackSize = 0x1000

.heap2stackfill
                0x0000000020001140     0x1000
                0x0000000020002140                . = (. + _StackSize)
 *fill*         0x0000000020001140     0x1000 

.stack          0x0000000020027000        0x0
                0x0000000020027000                _vStackBase = .
                0x0000000020027000                . = ALIGN (0x4)
                0x0000000020028000                _vStackTop = (. + _StackSize)
                0xffffffffdffd6e30                PROVIDE (__valid_user_code_checksum, (0x0 - ((((((_vStackTop + (ResetISR + 0x1)) + (NMI_Handler + 0x1)) + (HardFault_Handler + 0x1)) + (DEFINED (MemManage_Handler)?MemManage_Handler:0x0 + 0x1)) + (DEFINED (BusFault_Handler)?BusFault_Handler:0x0 + 0x1)) + (DEFINED (UsageFault_Handler)?UsageFault_Handler:0x0 + 0x1))))
                0x0000000000000000                _image_start = LOADADDR (.text)
                0x0000000000004650                _image_end = (LOADADDR (.data) + SIZEOF (.data))
                0x0000000000004650                _image_size = (_image_end - _image_start)
OUTPUT(lpcxpresso54628_driver_examples_adc_lpc_adc_interrupt.axf elf32-littlearm)

.debug_info     0x0000000000000000     0xffaf
 .debug_info    0x0000000000000000      0x2b0 ./utilities/fsl_debug_console.o
 .debug_info    0x00000000000002b0      0x8b8 ./utilities/fsl_io.o
 .debug_info    0x0000000000000b68      0x326 ./utilities/fsl_log.o
 .debug_info    0x0000000000000e8e      0x670 ./startup/startup_LPC54628.o
 .debug_info    0x00000000000014fe     0x1f0e ./source/fsl_adc_interrupt.o
 .debug_info    0x000000000000340c       0x37 ./source/semihost_hardfault.o
 .debug_info    0x0000000000003443     0x1642 ./drivers/fsl_adc.o
 .debug_info    0x0000000000004a85     0x2e5a ./drivers/fsl_clock.o
 .debug_info    0x00000000000078df     0x1672 ./drivers/fsl_flexcomm.o
 .debug_info    0x0000000000008f51      0xd3d ./drivers/fsl_reset.o
 .debug_info    0x0000000000009c8e     0x13a2 ./drivers/fsl_usart.o
 .debug_info    0x000000000000b030      0xd3f ./board/board.o
 .debug_info    0x000000000000bd6f     0x104f ./board/clock_config.o
 .debug_info    0x000000000000cdbe      0xe70 ./board/pin_mux.o
 .debug_info    0x000000000000dc2e      0xe5d ./CMSIS/system_LPC54628.o
 .debug_info    0x000000000000ea8b     0x1524 /home/ben/projects/mcuxpresso_workspace/lpcxpresso54628_driver_examples_adc_lpc_adc_interrupt/libs/libpower_hardabi.a(fsl_power_lib.o)

.debug_abbrev   0x0000000000000000     0x1fa7
 .debug_abbrev  0x0000000000000000      0x102 ./utilities/fsl_debug_console.o
 .debug_abbrev  0x0000000000000102      0x208 ./utilities/fsl_io.o
 .debug_abbrev  0x000000000000030a      0x17b ./utilities/fsl_log.o
 .debug_abbrev  0x0000000000000485      0x13d ./startup/startup_LPC54628.o
 .debug_abbrev  0x00000000000005c2      0x2a9 ./source/fsl_adc_interrupt.o
 .debug_abbrev  0x000000000000086b       0x2c ./source/semihost_hardfault.o
 .debug_abbrev  0x0000000000000897      0x27f ./drivers/fsl_adc.o
 .debug_abbrev  0x0000000000000b16      0x349 ./drivers/fsl_clock.o
 .debug_abbrev  0x0000000000000e5f      0x27a ./drivers/fsl_flexcomm.o
 .debug_abbrev  0x00000000000010d9      0x167 ./drivers/fsl_reset.o
 .debug_abbrev  0x0000000000001240      0x331 ./drivers/fsl_usart.o
 .debug_abbrev  0x0000000000001571      0x1a0 ./board/board.o
 .debug_abbrev  0x0000000000001711      0x1c2 ./board/clock_config.o
 .debug_abbrev  0x00000000000018d3      0x1c6 ./board/pin_mux.o
 .debug_abbrev  0x0000000000001a99      0x1d1 ./CMSIS/system_LPC54628.o
 .debug_abbrev  0x0000000000001c6a      0x33d /home/ben/projects/mcuxpresso_workspace/lpcxpresso54628_driver_examples_adc_lpc_adc_interrupt/libs/libpower_hardabi.a(fsl_power_lib.o)

.debug_aranges  0x0000000000000000      0xa00
 .debug_aranges
                0x0000000000000000       0x30 ./utilities/fsl_debug_console.o
 .debug_aranges
                0x0000000000000030       0x40 ./utilities/fsl_io.o
 .debug_aranges
                0x0000000000000070       0x58 ./utilities/fsl_log.o
 .debug_aranges
                0x00000000000000c8      0x248 ./startup/startup_LPC54628.o
 .debug_aranges
                0x0000000000000310       0x80 ./source/fsl_adc_interrupt.o
 .debug_aranges
                0x0000000000000390       0x20 ./source/semihost_hardfault.o
 .debug_aranges
                0x00000000000003b0       0x78 ./drivers/fsl_adc.o
 .debug_aranges
                0x0000000000000428      0x2c0 ./drivers/fsl_clock.o
 .debug_aranges
                0x00000000000006e8       0x98 ./drivers/fsl_flexcomm.o
 .debug_aranges
                0x0000000000000780       0x30 ./drivers/fsl_reset.o
 .debug_aranges
                0x00000000000007b0       0xd0 ./drivers/fsl_usart.o
 .debug_aranges
                0x0000000000000880       0x28 ./board/board.o
 .debug_aranges
                0x00000000000008a8       0x48 ./board/clock_config.o
 .debug_aranges
                0x00000000000008f0       0x30 ./board/pin_mux.o
 .debug_aranges
                0x0000000000000920       0x68 ./CMSIS/system_LPC54628.o
 .debug_aranges
                0x0000000000000988       0x78 /home/ben/projects/mcuxpresso_workspace/lpcxpresso54628_driver_examples_adc_lpc_adc_interrupt/libs/libpower_hardabi.a(fsl_power_lib.o)

.debug_ranges   0x0000000000000000      0x948
 .debug_ranges  0x0000000000000000       0x20 ./utilities/fsl_debug_console.o
 .debug_ranges  0x0000000000000020       0x30 ./utilities/fsl_io.o
 .debug_ranges  0x0000000000000050       0x48 ./utilities/fsl_log.o
 .debug_ranges  0x0000000000000098      0x238 ./startup/startup_LPC54628.o
 .debug_ranges  0x00000000000002d0       0x70 ./source/fsl_adc_interrupt.o
 .debug_ranges  0x0000000000000340       0x10 ./source/semihost_hardfault.o
 .debug_ranges  0x0000000000000350       0x68 ./drivers/fsl_adc.o
 .debug_ranges  0x00000000000003b8      0x2b0 ./drivers/fsl_clock.o
 .debug_ranges  0x0000000000000668       0x88 ./drivers/fsl_flexcomm.o
 .debug_ranges  0x00000000000006f0       0x20 ./drivers/fsl_reset.o
 .debug_ranges  0x0000000000000710       0xc0 ./drivers/fsl_usart.o
 .debug_ranges  0x00000000000007d0       0x18 ./board/board.o
 .debug_ranges  0x00000000000007e8       0x38 ./board/clock_config.o
 .debug_ranges  0x0000000000000820       0x20 ./board/pin_mux.o
 .debug_ranges  0x0000000000000840       0x58 ./CMSIS/system_LPC54628.o
 .debug_ranges  0x0000000000000898       0xb0 /home/ben/projects/mcuxpresso_workspace/lpcxpresso54628_driver_examples_adc_lpc_adc_interrupt/libs/libpower_hardabi.a(fsl_power_lib.o)

.debug_line     0x0000000000000000     0x3b9e
 .debug_line    0x0000000000000000      0x225 ./utilities/fsl_debug_console.o
 .debug_line    0x0000000000000225      0x2a7 ./utilities/fsl_io.o
 .debug_line    0x00000000000004cc      0x2c1 ./utilities/fsl_log.o
 .debug_line    0x000000000000078d      0x493 ./startup/startup_LPC54628.o
 .debug_line    0x0000000000000c20      0x39d ./source/fsl_adc_interrupt.o
 .debug_line    0x0000000000000fbd       0x54 ./source/semihost_hardfault.o
 .debug_line    0x0000000000001011      0x364 ./drivers/fsl_adc.o
 .debug_line    0x0000000000001375      0xdf4 ./drivers/fsl_clock.o
 .debug_line    0x0000000000002169      0x3e9 ./drivers/fsl_flexcomm.o
 .debug_line    0x0000000000002552      0x1f2 ./drivers/fsl_reset.o
 .debug_line    0x0000000000002744      0x6c6 ./drivers/fsl_usart.o
 .debug_line    0x0000000000002e0a      0x254 ./board/board.o
 .debug_line    0x000000000000305e      0x28f ./board/clock_config.o
 .debug_line    0x00000000000032ed      0x230 ./board/pin_mux.o
 .debug_line    0x000000000000351d      0x26b ./CMSIS/system_LPC54628.o
 .debug_line    0x0000000000003788      0x416 /home/ben/projects/mcuxpresso_workspace/lpcxpresso54628_driver_examples_adc_lpc_adc_interrupt/libs/libpower_hardabi.a(fsl_power_lib.o)

.debug_str      0x0000000000000000     0x66d3
 .debug_str     0x0000000000000000      0x3af ./utilities/fsl_debug_console.o
                                        0x400 (size before relaxing)
 .debug_str     0x00000000000003af      0xbf7 ./utilities/fsl_io.o
                                        0xf1c (size before relaxing)
 .debug_str     0x0000000000000fa6       0x85 ./utilities/fsl_log.o
                                        0x3b0 (size before relaxing)
 .debug_str     0x000000000000102b      0x5fd ./startup/startup_LPC54628.o
                                        0x75f (size before relaxing)
 .debug_str     0x0000000000001628     0x269a ./source/fsl_adc_interrupt.o
                                       0x3183 (size before relaxing)
 .debug_str     0x0000000000003cc2       0x1f ./source/semihost_hardfault.o
                                        0x177 (size before relaxing)
 .debug_str     0x0000000000003ce1      0x13c ./drivers/fsl_adc.o
                                       0x1bd9 (size before relaxing)
 .debug_str     0x0000000000003e1d      0xf51 ./drivers/fsl_clock.o
                                       0x3345 (size before relaxing)
 .debug_str     0x0000000000004d6e      0x2b9 ./drivers/fsl_flexcomm.o
                                       0x1d07 (size before relaxing)
 .debug_str     0x0000000000005027      0x53e ./drivers/fsl_reset.o
                                        0xdf0 (size before relaxing)
 .debug_str     0x0000000000005565      0x5c1 ./drivers/fsl_usart.o
                                       0x18b6 (size before relaxing)
 .debug_str     0x0000000000005b26      0x468 ./board/board.o
                                       0x14c1 (size before relaxing)
 .debug_str     0x0000000000005f8e       0x95 ./board/clock_config.o
                                       0x177a (size before relaxing)
 .debug_str     0x0000000000006023       0x6c ./board/pin_mux.o
                                        0xf0e (size before relaxing)
 .debug_str     0x000000000000608f       0xad ./CMSIS/system_LPC54628.o
                                        0x9c3 (size before relaxing)
 .debug_str     0x000000000000613c      0x597 /home/ben/projects/mcuxpresso_workspace/lpcxpresso54628_driver_examples_adc_lpc_adc_interrupt/libs/libpower_hardabi.a(fsl_power_lib.o)
                                        0xd6b (size before relaxing)

.comment        0x0000000000000000       0xfd
 .comment       0x0000000000000000       0x7f ./utilities/fsl_debug_console.o
                                         0x80 (size before relaxing)
 .comment       0x000000000000007f       0x80 ./utilities/fsl_io.o
 .comment       0x000000000000007f       0x80 ./utilities/fsl_log.o
 .comment       0x000000000000007f       0x80 ./startup/startup_LPC54628.o
 .comment       0x000000000000007f       0x80 ./source/fsl_adc_interrupt.o
 .comment       0x000000000000007f       0x80 ./source/semihost_hardfault.o
 .comment       0x000000000000007f       0x80 ./drivers/fsl_adc.o
 .comment       0x000000000000007f       0x80 ./drivers/fsl_clock.o
 .comment       0x000000000000007f       0x80 ./drivers/fsl_flexcomm.o
 .comment       0x000000000000007f       0x80 ./drivers/fsl_reset.o
 .comment       0x000000000000007f       0x80 ./drivers/fsl_usart.o
 .comment       0x000000000000007f       0x80 ./board/board.o
 .comment       0x000000000000007f       0x80 ./board/clock_config.o
 .comment       0x000000000000007f       0x80 ./board/pin_mux.o
 .comment       0x000000000000007f       0x80 ./CMSIS/system_LPC54628.o
 .comment       0x000000000000007f       0x7e /home/ben/projects/mcuxpresso_workspace/lpcxpresso54628_driver_examples_adc_lpc_adc_interrupt/libs/libpower_hardabi.a(fsl_power_lib.o)
                                         0x7f (size before relaxing)
 .comment       0x00000000000000fd       0x80 /usr/local/mcuxpressoide-10.1.1_606/ide/tools/bin/../lib/gcc/arm-none-eabi/6.3.1/../../../../arm-none-eabi/lib/thumb/v7e-m/fpv4-sp/hard/libcr_semihost_nf.a(__ciob.o)
 .comment       0x00000000000000fd       0x80 /usr/local/mcuxpressoide-10.1.1_606/ide/tools/bin/../lib/gcc/arm-none-eabi/6.3.1/../../../../arm-none-eabi/lib/thumb/v7e-m/fpv4-sp/hard/libcr_semihost_nf.a(_cr__main.o)
 .comment       0x00000000000000fd       0x80 /usr/local/mcuxpressoide-10.1.1_606/ide/tools/bin/../lib/gcc/arm-none-eabi/6.3.1/../../../../arm-none-eabi/lib/thumb/v7e-m/fpv4-sp/hard/libcr_semihost_nf.a(_cr_assert.o)
 .comment       0x00000000000000fd       0x80 /usr/local/mcuxpressoide-10.1.1_606/ide/tools/bin/../lib/gcc/arm-none-eabi/6.3.1/../../../../arm-none-eabi/lib/thumb/v7e-m/fpv4-sp/hard/libcr_c.a(memset.o)
 .comment       0x00000000000000fd       0x80 /usr/local/mcuxpressoide-10.1.1_606/ide/tools/bin/../lib/gcc/arm-none-eabi/6.3.1/../../../../arm-none-eabi/lib/thumb/v7e-m/fpv4-sp/hard/libcr_c.a(__fillbuf.o)
 .comment       0x00000000000000fd       0x80 /usr/local/mcuxpressoide-10.1.1_606/ide/tools/bin/../lib/gcc/arm-none-eabi/6.3.1/../../../../arm-none-eabi/lib/thumb/v7e-m/fpv4-sp/hard/libcr_c.a(_deferredlazyseek.o)
 .comment       0x00000000000000fd       0x80 /usr/local/mcuxpressoide-10.1.1_606/ide/tools/bin/../lib/gcc/arm-none-eabi/6.3.1/../../../../arm-none-eabi/lib/thumb/v7e-m/fpv4-sp/hard/libcr_c.a(_fflush.o)
 .comment       0x00000000000000fd       0x80 /usr/local/mcuxpressoide-10.1.1_606/ide/tools/bin/../lib/gcc/arm-none-eabi/6.3.1/../../../../arm-none-eabi/lib/thumb/v7e-m/fpv4-sp/hard/libcr_c.a(_writebuf.o)
 .comment       0x00000000000000fd       0x80 /usr/local/mcuxpressoide-10.1.1_606/ide/tools/bin/../lib/gcc/arm-none-eabi/6.3.1/../../../../arm-none-eabi/lib/thumb/v7e-m/fpv4-sp/hard/libcr_c.a(alloc.o)
 .comment       0x00000000000000fd       0x80 /usr/local/mcuxpressoide-10.1.1_606/ide/tools/bin/../lib/gcc/arm-none-eabi/6.3.1/../../../../arm-none-eabi/lib/thumb/v7e-m/fpv4-sp/hard/libcr_c.a(fputs.o)
 .comment       0x00000000000000fd       0x80 /usr/local/mcuxpressoide-10.1.1_606/ide/tools/bin/../lib/gcc/arm-none-eabi/6.3.1/../../../../arm-none-eabi/lib/thumb/v7e-m/fpv4-sp/hard/libcr_c.a(fseek.o)
 .comment       0x00000000000000fd       0x80 /usr/local/mcuxpressoide-10.1.1_606/ide/tools/bin/../lib/gcc/arm-none-eabi/6.3.1/../../../../arm-none-eabi/lib/thumb/v7e-m/fpv4-sp/hard/libcr_c.a(ftell.o)
 .comment       0x00000000000000fd       0x80 /usr/local/mcuxpressoide-10.1.1_606/ide/tools/bin/../lib/gcc/arm-none-eabi/6.3.1/../../../../arm-none-eabi/lib/thumb/v7e-m/fpv4-sp/hard/libcr_c.a(initio.o)
 .comment       0x00000000000000fd       0x80 /usr/local/mcuxpressoide-10.1.1_606/ide/tools/bin/../lib/gcc/arm-none-eabi/6.3.1/../../../../arm-none-eabi/lib/thumb/v7e-m/fpv4-sp/hard/libcr_c.a(printf.o)
 .comment       0x00000000000000fd       0x80 /usr/local/mcuxpressoide-10.1.1_606/ide/tools/bin/../lib/gcc/arm-none-eabi/6.3.1/../../../../arm-none-eabi/lib/thumb/v7e-m/fpv4-sp/hard/libcr_c.a(setvbuf.o)
 .comment       0x00000000000000fd       0x80 /usr/local/mcuxpressoide-10.1.1_606/ide/tools/bin/../lib/gcc/arm-none-eabi/6.3.1/../../../../arm-none-eabi/lib/thumb/v7e-m/fpv4-sp/hard/libcr_c.a(strlen.o)
 .comment       0x00000000000000fd       0x80 /usr/local/mcuxpressoide-10.1.1_606/ide/tools/bin/../lib/gcc/arm-none-eabi/6.3.1/../../../../arm-none-eabi/lib/thumb/v7e-m/fpv4-sp/hard/libcr_c.a(__init_alloc.o)
 .comment       0x00000000000000fd       0x80 /usr/local/mcuxpressoide-10.1.1_606/ide/tools/bin/../lib/gcc/arm-none-eabi/6.3.1/../../../../arm-none-eabi/lib/thumb/v7e-m/fpv4-sp/hard/libcr_c.a(_cr_sbrk.o)
 .comment       0x00000000000000fd       0x80 /usr/local/mcuxpressoide-10.1.1_606/ide/tools/bin/../lib/gcc/arm-none-eabi/6.3.1/../../../../arm-none-eabi/lib/thumb/v7e-m/fpv4-sp/hard/libcr_c.a(_fdopen.o)
 .comment       0x00000000000000fd       0x80 /usr/local/mcuxpressoide-10.1.1_606/ide/tools/bin/../lib/gcc/arm-none-eabi/6.3.1/../../../../arm-none-eabi/lib/thumb/v7e-m/fpv4-sp/hard/libcr_c.a(errno.o)
 .comment       0x00000000000000fd       0x80 /usr/local/mcuxpressoide-10.1.1_606/ide/tools/bin/../lib/gcc/arm-none-eabi/6.3.1/../../../../arm-none-eabi/lib/thumb/v7e-m/fpv4-sp/hard/libcr_c.a(fclose.o)
 .comment       0x00000000000000fd       0x80 /usr/local/mcuxpressoide-10.1.1_606/ide/tools/bin/../lib/gcc/arm-none-eabi/6.3.1/../../../../arm-none-eabi/lib/thumb/v7e-m/fpv4-sp/hard/libcr_c.a(fflush.o)
 .comment       0x00000000000000fd       0x80 /usr/local/mcuxpressoide-10.1.1_606/ide/tools/bin/../lib/gcc/arm-none-eabi/6.3.1/../../../../arm-none-eabi/lib/thumb/v7e-m/fpv4-sp/hard/libcr_c.a(remove.o)
 .comment       0x00000000000000fd       0x80 /usr/local/mcuxpressoide-10.1.1_606/ide/tools/bin/../lib/gcc/arm-none-eabi/6.3.1/../../../../arm-none-eabi/lib/thumb/v7e-m/fpv4-sp/hard/libcr_c.a(_cr_check_heap.o)
 .comment       0x00000000000000fd       0x80 /usr/local/mcuxpressoide-10.1.1_606/ide/tools/bin/../lib/gcc/arm-none-eabi/6.3.1/../../../../arm-none-eabi/lib/thumb/v7e-m/fpv4-sp/hard/libcr_c.a(_do_fflush.o)

.ARM.attributes
                0x0000000000000000       0x37
 .ARM.attributes
                0x0000000000000000       0x39 ./utilities/fsl_debug_console.o
 .ARM.attributes
                0x0000000000000039       0x39 ./utilities/fsl_io.o
 .ARM.attributes
                0x0000000000000072       0x39 ./utilities/fsl_log.o
 .ARM.attributes
                0x00000000000000ab       0x39 ./startup/startup_LPC54628.o
 .ARM.attributes
                0x00000000000000e4       0x39 ./source/fsl_adc_interrupt.o
 .ARM.attributes
                0x000000000000011d       0x39 ./source/semihost_hardfault.o
 .ARM.attributes
                0x0000000000000156       0x39 ./drivers/fsl_adc.o
 .ARM.attributes
                0x000000000000018f       0x39 ./drivers/fsl_clock.o
 .ARM.attributes
                0x00000000000001c8       0x39 ./drivers/fsl_flexcomm.o
 .ARM.attributes
                0x0000000000000201       0x39 ./drivers/fsl_reset.o
 .ARM.attributes
                0x000000000000023a       0x39 ./drivers/fsl_usart.o
 .ARM.attributes
                0x0000000000000273       0x39 ./board/board.o
 .ARM.attributes
                0x00000000000002ac       0x39 ./board/clock_config.o
 .ARM.attributes
                0x00000000000002e5       0x39 ./board/pin_mux.o
 .ARM.attributes
                0x000000000000031e       0x39 ./CMSIS/system_LPC54628.o
 .ARM.attributes
                0x0000000000000357       0x39 /home/ben/projects/mcuxpresso_workspace/lpcxpresso54628_driver_examples_adc_lpc_adc_interrupt/libs/libpower_hardabi.a(fsl_power_lib.o)
 .ARM.attributes
                0x0000000000000390       0x39 /usr/local/mcuxpressoide-10.1.1_606/ide/tools/bin/../lib/gcc/arm-none-eabi/6.3.1/../../../../arm-none-eabi/lib/thumb/v7e-m/fpv4-sp/hard/libcr_semihost_nf.a(__ciob.o)
 .ARM.attributes
                0x00000000000003c9       0x39 /usr/local/mcuxpressoide-10.1.1_606/ide/tools/bin/../lib/gcc/arm-none-eabi/6.3.1/../../../../arm-none-eabi/lib/thumb/v7e-m/fpv4-sp/hard/libcr_semihost_nf.a(_cr__main.o)
 .ARM.attributes
                0x0000000000000402       0x39 /usr/local/mcuxpressoide-10.1.1_606/ide/tools/bin/../lib/gcc/arm-none-eabi/6.3.1/../../../../arm-none-eabi/lib/thumb/v7e-m/fpv4-sp/hard/libcr_semihost_nf.a(_cr_assert.o)
 .ARM.attributes
                0x000000000000043b       0x25 /usr/local/mcuxpressoide-10.1.1_606/ide/tools/bin/../lib/gcc/arm-none-eabi/6.3.1/../../../../arm-none-eabi/lib/thumb/v7e-m/fpv4-sp/hard/libcr_semihost_nf.a(__sys_appexit.o)
 .ARM.attributes
                0x0000000000000460       0x39 /usr/local/mcuxpressoide-10.1.1_606/ide/tools/bin/../lib/gcc/arm-none-eabi/6.3.1/../../../../arm-none-eabi/lib/thumb/v7e-m/fpv4-sp/hard/libcr_c.a(memset.o)
 .ARM.attributes
                0x0000000000000499       0x39 /usr/local/mcuxpressoide-10.1.1_606/ide/tools/bin/../lib/gcc/arm-none-eabi/6.3.1/../../../../arm-none-eabi/lib/thumb/v7e-m/fpv4-sp/hard/libcr_c.a(__fillbuf.o)
 .ARM.attributes
                0x00000000000004d2       0x39 /usr/local/mcuxpressoide-10.1.1_606/ide/tools/bin/../lib/gcc/arm-none-eabi/6.3.1/../../../../arm-none-eabi/lib/thumb/v7e-m/fpv4-sp/hard/libcr_c.a(_deferredlazyseek.o)
 .ARM.attributes
                0x000000000000050b       0x39 /usr/local/mcuxpressoide-10.1.1_606/ide/tools/bin/../lib/gcc/arm-none-eabi/6.3.1/../../../../arm-none-eabi/lib/thumb/v7e-m/fpv4-sp/hard/libcr_c.a(_fflush.o)
 .ARM.attributes
                0x0000000000000544       0x39 /usr/local/mcuxpressoide-10.1.1_606/ide/tools/bin/../lib/gcc/arm-none-eabi/6.3.1/../../../../arm-none-eabi/lib/thumb/v7e-m/fpv4-sp/hard/libcr_c.a(_writebuf.o)
 .ARM.attributes
                0x000000000000057d       0x39 /usr/local/mcuxpressoide-10.1.1_606/ide/tools/bin/../lib/gcc/arm-none-eabi/6.3.1/../../../../arm-none-eabi/lib/thumb/v7e-m/fpv4-sp/hard/libcr_c.a(alloc.o)
 .ARM.attributes
                0x00000000000005b6       0x39 /usr/local/mcuxpressoide-10.1.1_606/ide/tools/bin/../lib/gcc/arm-none-eabi/6.3.1/../../../../arm-none-eabi/lib/thumb/v7e-m/fpv4-sp/hard/libcr_c.a(fputs.o)
 .ARM.attributes
                0x00000000000005ef       0x39 /usr/local/mcuxpressoide-10.1.1_606/ide/tools/bin/../lib/gcc/arm-none-eabi/6.3.1/../../../../arm-none-eabi/lib/thumb/v7e-m/fpv4-sp/hard/libcr_c.a(fseek.o)
 .ARM.attributes
                0x0000000000000628       0x39 /usr/local/mcuxpressoide-10.1.1_606/ide/tools/bin/../lib/gcc/arm-none-eabi/6.3.1/../../../../arm-none-eabi/lib/thumb/v7e-m/fpv4-sp/hard/libcr_c.a(ftell.o)
 .ARM.attributes
                0x0000000000000661       0x39 /usr/local/mcuxpressoide-10.1.1_606/ide/tools/bin/../lib/gcc/arm-none-eabi/6.3.1/../../../../arm-none-eabi/lib/thumb/v7e-m/fpv4-sp/hard/libcr_c.a(initio.o)
 .ARM.attributes
                0x000000000000069a       0x39 /usr/local/mcuxpressoide-10.1.1_606/ide/tools/bin/../lib/gcc/arm-none-eabi/6.3.1/../../../../arm-none-eabi/lib/thumb/v7e-m/fpv4-sp/hard/libcr_c.a(printf.o)
 .ARM.attributes
                0x00000000000006d3       0x39 /usr/local/mcuxpressoide-10.1.1_606/ide/tools/bin/../lib/gcc/arm-none-eabi/6.3.1/../../../../arm-none-eabi/lib/thumb/v7e-m/fpv4-sp/hard/libcr_c.a(setvbuf.o)
 .ARM.attributes
                0x000000000000070c       0x39 /usr/local/mcuxpressoide-10.1.1_606/ide/tools/bin/../lib/gcc/arm-none-eabi/6.3.1/../../../../arm-none-eabi/lib/thumb/v7e-m/fpv4-sp/hard/libcr_c.a(strlen.o)
 .ARM.attributes
                0x0000000000000745       0x39 /usr/local/mcuxpressoide-10.1.1_606/ide/tools/bin/../lib/gcc/arm-none-eabi/6.3.1/../../../../arm-none-eabi/lib/thumb/v7e-m/fpv4-sp/hard/libcr_c.a(__init_alloc.o)
 .ARM.attributes
                0x000000000000077e       0x39 /usr/local/mcuxpressoide-10.1.1_606/ide/tools/bin/../lib/gcc/arm-none-eabi/6.3.1/../../../../arm-none-eabi/lib/thumb/v7e-m/fpv4-sp/hard/libcr_c.a(_cr_sbrk.o)
 .ARM.attributes
                0x00000000000007b7       0x39 /usr/local/mcuxpressoide-10.1.1_606/ide/tools/bin/../lib/gcc/arm-none-eabi/6.3.1/../../../../arm-none-eabi/lib/thumb/v7e-m/fpv4-sp/hard/libcr_c.a(_fdopen.o)
 .ARM.attributes
                0x00000000000007f0       0x39 /usr/local/mcuxpressoide-10.1.1_606/ide/tools/bin/../lib/gcc/arm-none-eabi/6.3.1/../../../../arm-none-eabi/lib/thumb/v7e-m/fpv4-sp/hard/libcr_c.a(errno.o)
 .ARM.attributes
                0x0000000000000829       0x39 /usr/local/mcuxpressoide-10.1.1_606/ide/tools/bin/../lib/gcc/arm-none-eabi/6.3.1/../../../../arm-none-eabi/lib/thumb/v7e-m/fpv4-sp/hard/libcr_c.a(fclose.o)
 .ARM.attributes
                0x0000000000000862       0x39 /usr/local/mcuxpressoide-10.1.1_606/ide/tools/bin/../lib/gcc/arm-none-eabi/6.3.1/../../../../arm-none-eabi/lib/thumb/v7e-m/fpv4-sp/hard/libcr_c.a(fflush.o)
 .ARM.attributes
                0x000000000000089b       0x39 /usr/local/mcuxpressoide-10.1.1_606/ide/tools/bin/../lib/gcc/arm-none-eabi/6.3.1/../../../../arm-none-eabi/lib/thumb/v7e-m/fpv4-sp/hard/libcr_c.a(remove.o)
 .ARM.attributes
                0x00000000000008d4       0x39 /usr/local/mcuxpressoide-10.1.1_606/ide/tools/bin/../lib/gcc/arm-none-eabi/6.3.1/../../../../arm-none-eabi/lib/thumb/v7e-m/fpv4-sp/hard/libcr_c.a(_cr_check_heap.o)
 .ARM.attributes
                0x000000000000090d       0x39 /usr/local/mcuxpressoide-10.1.1_606/ide/tools/bin/../lib/gcc/arm-none-eabi/6.3.1/../../../../arm-none-eabi/lib/thumb/v7e-m/fpv4-sp/hard/libcr_c.a(_do_fflush.o)
 .ARM.attributes
                0x0000000000000946       0x25 /usr/local/mcuxpressoide-10.1.1_606/ide/tools/bin/../lib/gcc/arm-none-eabi/6.3.1/thumb/v7e-m/fpv4-sp/hard/libcr_eabihelpers.a(memcpy.o)
 .ARM.attributes
                0x000000000000096b       0x25 /usr/local/mcuxpressoide-10.1.1_606/ide/tools/bin/../lib/gcc/arm-none-eabi/6.3.1/../../../../arm-none-eabi/lib/thumb/v7e-m/fpv4-sp/hard/libcr_semihost_nf.a(__sys_close.o)
 .ARM.attributes
                0x0000000000000990       0x25 /usr/local/mcuxpressoide-10.1.1_606/ide/tools/bin/../lib/gcc/arm-none-eabi/6.3.1/../../../../arm-none-eabi/lib/thumb/v7e-m/fpv4-sp/hard/libcr_semihost_nf.a(__sys_flen.o)
 .ARM.attributes
                0x00000000000009b5       0x25 /usr/local/mcuxpressoide-10.1.1_606/ide/tools/bin/../lib/gcc/arm-none-eabi/6.3.1/../../../../arm-none-eabi/lib/thumb/v7e-m/fpv4-sp/hard/libcr_semihost_nf.a(__sys_istty.o)
 .ARM.attributes
                0x00000000000009da       0x25 /usr/local/mcuxpressoide-10.1.1_606/ide/tools/bin/../lib/gcc/arm-none-eabi/6.3.1/../../../../arm-none-eabi/lib/thumb/v7e-m/fpv4-sp/hard/libcr_semihost_nf.a(__sys_read.o)
 .ARM.attributes
                0x00000000000009ff       0x25 /usr/local/mcuxpressoide-10.1.1_606/ide/tools/bin/../lib/gcc/arm-none-eabi/6.3.1/../../../../arm-none-eabi/lib/thumb/v7e-m/fpv4-sp/hard/libcr_semihost_nf.a(__sys_readc.o)
 .ARM.attributes
                0x0000000000000a24       0x25 /usr/local/mcuxpressoide-10.1.1_606/ide/tools/bin/../lib/gcc/arm-none-eabi/6.3.1/../../../../arm-none-eabi/lib/thumb/v7e-m/fpv4-sp/hard/libcr_semihost_nf.a(__sys_remove.o)
 .ARM.attributes
                0x0000000000000a49       0x25 /usr/local/mcuxpressoide-10.1.1_606/ide/tools/bin/../lib/gcc/arm-none-eabi/6.3.1/../../../../arm-none-eabi/lib/thumb/v7e-m/fpv4-sp/hard/libcr_semihost_nf.a(__sys_seek.o)
 .ARM.attributes
                0x0000000000000a6e       0x25 /usr/local/mcuxpressoide-10.1.1_606/ide/tools/bin/../lib/gcc/arm-none-eabi/6.3.1/../../../../arm-none-eabi/lib/thumb/v7e-m/fpv4-sp/hard/libcr_semihost_nf.a(__sys_tmpnam.o)
 .ARM.attributes
                0x0000000000000a93       0x25 /usr/local/mcuxpressoide-10.1.1_606/ide/tools/bin/../lib/gcc/arm-none-eabi/6.3.1/../../../../arm-none-eabi/lib/thumb/v7e-m/fpv4-sp/hard/libcr_semihost_nf.a(__sys_write.o)

.debug_frame    0x0000000000000000     0x22d4
 .debug_frame   0x0000000000000000       0x6c ./utilities/fsl_debug_console.o
 .debug_frame   0x000000000000006c       0xb8 ./utilities/fsl_io.o
 .debug_frame   0x0000000000000124      0x120 ./utilities/fsl_log.o
 .debug_frame   0x0000000000000244      0x64c ./startup/startup_LPC54628.o
 .debug_frame   0x0000000000000890      0x1f0 ./source/fsl_adc_interrupt.o
 .debug_frame   0x0000000000000a80       0x20 ./source/semihost_hardfault.o
 .debug_frame   0x0000000000000aa0      0x1d0 ./drivers/fsl_adc.o
 .debug_frame   0x0000000000000c70      0xc3c ./drivers/fsl_clock.o
 .debug_frame   0x00000000000018ac      0x208 ./drivers/fsl_flexcomm.o
 .debug_frame   0x0000000000001ab4       0x7c ./drivers/fsl_reset.o
 .debug_frame   0x0000000000001b30      0x360 ./drivers/fsl_usart.o
 .debug_frame   0x0000000000001e90       0x58 ./board/board.o
 .debug_frame   0x0000000000001ee8       0xd4 ./board/clock_config.o
 .debug_frame   0x0000000000001fbc       0x84 ./board/pin_mux.o
 .debug_frame   0x0000000000002040      0x184 ./CMSIS/system_LPC54628.o
 .debug_frame   0x00000000000021c4      0x110 /home/ben/projects/mcuxpresso_workspace/lpcxpresso54628_driver_examples_adc_lpc_adc_interrupt/libs/libpower_hardabi.a(fsl_power_lib.o)

.debug_loc      0x0000000000000000      0x4bb
 .debug_loc     0x0000000000000000      0x4bb /home/ben/projects/mcuxpresso_workspace/lpcxpresso54628_driver_examples_adc_lpc_adc_interrupt/libs/libpower_hardabi.a(fsl_power_lib.o)
